/home/strongfood/.nxp/SDKs/SDK_2_16_000_FRDM-K32L3A6/devices/K32L3A60/drivers/./fsl_clock.h:950:20:CLOCK_SetVlprModeSysClkConfig	16	static
/home/strongfood/.nxp/SDKs/SDK_2_16_000_FRDM-K32L3A6/devices/K32L3A60/drivers/./fsl_clock.h:964:20:CLOCK_SetRunModeSysClkConfig	16	static
/home/strongfood/.nxp/SDKs/SDK_2_16_000_FRDM-K32L3A6/devices/K32L3A60/drivers/./fsl_clock.h:978:20:CLOCK_SetHsrunModeSysClkConfig	16	static
/home/strongfood/.nxp/SDKs/SDK_2_16_000_FRDM-K32L3A6/devices/K32L3A60/drivers/./fsl_clock.h:992:20:CLOCK_GetCurSysClkConfig	16	static
/home/strongfood/Documents/VS_Code/ARM-Development/FRDM-K32L3A6/frdmk32l3a6_bubble_cm4/clock_config.c:70:13:CLOCK_CONFIG_FircSafeConfig	32	static
/home/strongfood/Documents/VS_Code/ARM-Development/FRDM-K32L3A6/frdmk32l3a6_bubble_cm4/clock_config.c:100:6:BOARD_InitBootClocks	8	static
/home/strongfood/Documents/VS_Code/ARM-Development/FRDM-K32L3A6/frdmk32l3a6_bubble_cm4/clock_config.c:175:6:BOARD_BootClockRUN	16	static
/home/strongfood/Documents/VS_Code/ARM-Development/FRDM-K32L3A6/frdmk32l3a6_bubble_cm4/clock_config.c:275:6:BOARD_BootClockHSRUN	16	static
/home/strongfood/Documents/VS_Code/ARM-Development/FRDM-K32L3A6/frdmk32l3a6_bubble_cm4/clock_config.c:383:6:BOARD_BootClockVLPR	16	static
