/home/strongfood/.nxp/SDKs/SDK_2_16_000_FRDM-K32L3A6/devices/K32L3A60/drivers/./fsl_clock.h:723:20:CLOCK_EnableClock	16	static
/home/strongfood/.nxp/SDKs/SDK_2_16_000_FRDM-K32L3A6/devices/K32L3A60/drivers/./fsl_port.h:360:20:PORT_SetPinConfig	32	static
/home/strongfood/.nxp/SDKs/SDK_2_16_000_FRDM-K32L3A6/devices/K32L3A60/drivers/./fsl_port.h:463:20:PORT_SetPinMux	24	static
/home/strongfood/Documents/VS_Code/ARM-Development/FRDM-K32L3A6/frdmk32l3a6_bubble_cm4/pin_mux.c:36:6:BOARD_InitBootPins	8	static
/home/strongfood/Documents/VS_Code/ARM-Development/FRDM-K32L3A6/frdmk32l3a6_bubble_cm4/pin_mux.c:62:6:BOARD_InitPins	8	static
/home/strongfood/Documents/VS_Code/ARM-Development/FRDM-K32L3A6/frdmk32l3a6_bubble_cm4/pin_mux.c:102:6:BOARD_I2C_ConfigurePins	16	static
