/home/strongfood/.nxp/SDKs/SDK_2_16_000_FRDM-K32L3A6/CMSIS/Core/Include/./core_cm4.h:1684:22:__NVIC_EnableIRQ	16	static
/home/strongfood/.nxp/SDKs/SDK_2_16_000_FRDM-K32L3A6/devices/K32L3A60/drivers/fsl_clock.h:723:20:CLOCK_EnableClock	16	static
/home/strongfood/.nxp/SDKs/SDK_2_16_000_FRDM-K32L3A6/devices/K32L3A60/drivers/fsl_clock.h:735:20:CLOCK_DisableClock	16	static
/home/strongfood/.nxp/SDKs/SDK_2_16_000_FRDM-K32L3A6/devices/K32L3A60/drivers/fsl_common_arm.h:570:24:EnableIRQ	24	static
/home/strongfood/.nxp/SDKs/SDK_2_16_000_FRDM-K32L3A6/devices/K32L3A60/drivers/fsl_tpm.h:508:23:TPM_GetChannelContorlBits	16	static
/home/strongfood/.nxp/SDKs/SDK_2_16_000_FRDM-K32L3A6/devices/K32L3A60/drivers/fsl_tpm.h:522:20:TPM_DisableChannel	16	static
/home/strongfood/.nxp/SDKs/SDK_2_16_000_FRDM-K32L3A6/devices/K32L3A60/drivers/fsl_tpm.h:551:20:TPM_EnableChannel	16	static
/home/strongfood/.nxp/SDKs/SDK_2_16_000_FRDM-K32L3A6/devices/K32L3A60/drivers/fsl_tpm.h:936:20:TPM_Reset	16	static
/home/strongfood/.nxp/SDKs/SDK_2_16_000_FRDM-K32L3A6/devices/K32L3A60/drivers/fsl_tpm.c:81:10:TPM_GetInstance	24	static
/home/strongfood/.nxp/SDKs/SDK_2_16_000_FRDM-K32L3A6/devices/K32L3A60/drivers/fsl_tpm.c:113:6:TPM_Init	16	static
/home/strongfood/.nxp/SDKs/SDK_2_16_000_FRDM-K32L3A6/devices/K32L3A60/drivers/fsl_tpm.c:170:6:TPM_Deinit	16	static
/home/strongfood/.nxp/SDKs/SDK_2_16_000_FRDM-K32L3A6/devices/K32L3A60/drivers/fsl_tpm.c:212:6:TPM_GetDefaultConfig	16	static
/home/strongfood/.nxp/SDKs/SDK_2_16_000_FRDM-K32L3A6/devices/K32L3A60/drivers/fsl_tpm.c:264:22:TPM_CalculateCounterClkDiv	32	static
/home/strongfood/.nxp/SDKs/SDK_2_16_000_FRDM-K32L3A6/devices/K32L3A60/drivers/fsl_tpm.c:293:17:TPM_SetupSinglePwmChannel	48	static
/home/strongfood/.nxp/SDKs/SDK_2_16_000_FRDM-K32L3A6/devices/K32L3A60/drivers/fsl_tpm.c:493:10:TPM_SetupPwm	64	static
/home/strongfood/.nxp/SDKs/SDK_2_16_000_FRDM-K32L3A6/devices/K32L3A60/drivers/fsl_tpm.c:595:10:TPM_UpdatePwmDutycycle	40	static
/home/strongfood/.nxp/SDKs/SDK_2_16_000_FRDM-K32L3A6/devices/K32L3A60/drivers/fsl_tpm.c:725:6:TPM_UpdateChnlEdgeLevelSelect	24	static
/home/strongfood/.nxp/SDKs/SDK_2_16_000_FRDM-K32L3A6/devices/K32L3A60/drivers/fsl_tpm.c:753:6:TPM_SetupInputCapture	16	static
/home/strongfood/.nxp/SDKs/SDK_2_16_000_FRDM-K32L3A6/devices/K32L3A60/drivers/fsl_tpm.c:797:6:TPM_SetupOutputCompare	24	static
/home/strongfood/.nxp/SDKs/SDK_2_16_000_FRDM-K32L3A6/devices/K32L3A60/drivers/fsl_tpm.c:847:6:TPM_SetupDualEdgeCapture	40	static
/home/strongfood/.nxp/SDKs/SDK_2_16_000_FRDM-K32L3A6/devices/K32L3A60/drivers/fsl_tpm.c:926:6:TPM_SetupQuadDecode	32	static
/home/strongfood/.nxp/SDKs/SDK_2_16_000_FRDM-K32L3A6/devices/K32L3A60/drivers/fsl_tpm.c:1011:6:TPM_EnableInterrupts	24	static
/home/strongfood/.nxp/SDKs/SDK_2_16_000_FRDM-K32L3A6/devices/K32L3A60/drivers/fsl_tpm.c:1041:6:TPM_DisableInterrupts	24	static
/home/strongfood/.nxp/SDKs/SDK_2_16_000_FRDM-K32L3A6/devices/K32L3A60/drivers/fsl_tpm.c:1072:10:TPM_GetEnabledInterrupts	32	static
/home/strongfood/.nxp/SDKs/SDK_2_16_000_FRDM-K32L3A6/devices/K32L3A60/drivers/fsl_tpm.c:1109:6:TPM_RegisterCallBack	24	static
/home/strongfood/.nxp/SDKs/SDK_2_16_000_FRDM-K32L3A6/devices/K32L3A60/drivers/fsl_tpm.c:1124:6:TPM0_DriverIRQHandler	8	static
/home/strongfood/.nxp/SDKs/SDK_2_16_000_FRDM-K32L3A6/devices/K32L3A60/drivers/fsl_tpm.c:1136:6:TPM1_DriverIRQHandler	8	static
