Archive member included to satisfy reference by file (symbol)

/home/strongfood/.mcuxpressotools/arm-gnu-toolchain-13.2.Rel1-x86_64-arm-none-eabi/bin/../lib/gcc/arm-none-eabi/13.2.1/thumb/v7e-m+fp/hard/libgcc.a(_arm_muldf3.o)
                              CMakeFiles/bubble_cm4.elf.dir/home/strongfood/Documents/VS_Code/ARM-Development/FRDM-K32L3A6/frdmk32l3a6_bubble_cm4/bubble.c.obj (__aeabi_dmul)
/home/strongfood/.mcuxpressotools/arm-gnu-toolchain-13.2.Rel1-x86_64-arm-none-eabi/bin/../lib/gcc/arm-none-eabi/13.2.1/thumb/v7e-m+fp/hard/libgcc.a(_arm_addsubdf3.o)
                              CMakeFiles/bubble_cm4.elf.dir/home/strongfood/Documents/VS_Code/ARM-Development/FRDM-K32L3A6/frdmk32l3a6_bubble_cm4/bubble.c.obj (__aeabi_ui2d)
/home/strongfood/.mcuxpressotools/arm-gnu-toolchain-13.2.Rel1-x86_64-arm-none-eabi/bin/../lib/gcc/arm-none-eabi/13.2.1/thumb/v7e-m+fp/hard/libgcc.a(_arm_muldivdf3.o)
                              CMakeFiles/bubble_cm4.elf.dir/home/strongfood/Documents/VS_Code/ARM-Development/FRDM-K32L3A6/frdmk32l3a6_bubble_cm4/bubble.c.obj (__aeabi_ddiv)
/home/strongfood/.mcuxpressotools/arm-gnu-toolchain-13.2.Rel1-x86_64-arm-none-eabi/bin/../lib/gcc/arm-none-eabi/13.2.1/thumb/v7e-m+fp/hard/libgcc.a(_arm_fixdfsi.o)
                              CMakeFiles/bubble_cm4.elf.dir/home/strongfood/Documents/VS_Code/ARM-Development/FRDM-K32L3A6/frdmk32l3a6_bubble_cm4/bubble.c.obj (__aeabi_d2iz)
/home/strongfood/.mcuxpressotools/arm-gnu-toolchain-13.2.Rel1-x86_64-arm-none-eabi/bin/../lib/gcc/arm-none-eabi/13.2.1/thumb/v7e-m+fp/hard/libgcc.a(_aeabi_ldivmod.o)
                              CMakeFiles/bubble_cm4.elf.dir/home/strongfood/.nxp/SDKs/SDK_2_16_000_FRDM-K32L3A6/devices/K32L3A60/utilities/debug_console_lite/fsl_debug_console.c.obj (__aeabi_ldivmod)
/home/strongfood/.mcuxpressotools/arm-gnu-toolchain-13.2.Rel1-x86_64-arm-none-eabi/bin/../lib/gcc/arm-none-eabi/13.2.1/thumb/v7e-m+fp/hard/libgcc.a(_aeabi_uldivmod.o)
                              CMakeFiles/bubble_cm4.elf.dir/home/strongfood/.nxp/SDKs/SDK_2_16_000_FRDM-K32L3A6/devices/K32L3A60/drivers/fsl_common_arm.c.obj (__aeabi_uldivmod)
/home/strongfood/.mcuxpressotools/arm-gnu-toolchain-13.2.Rel1-x86_64-arm-none-eabi/bin/../lib/gcc/arm-none-eabi/13.2.1/thumb/v7e-m+fp/hard/libgcc.a(_udivmoddi4.o)
                              /home/strongfood/.mcuxpressotools/arm-gnu-toolchain-13.2.Rel1-x86_64-arm-none-eabi/bin/../lib/gcc/arm-none-eabi/13.2.1/thumb/v7e-m+fp/hard/libgcc.a(_aeabi_ldivmod.o) (__udivmoddi4)
/home/strongfood/.mcuxpressotools/arm-gnu-toolchain-13.2.Rel1-x86_64-arm-none-eabi/bin/../lib/gcc/arm-none-eabi/13.2.1/thumb/v7e-m+fp/hard/libgcc.a(_dvmd_tls.o)
                              /home/strongfood/.mcuxpressotools/arm-gnu-toolchain-13.2.Rel1-x86_64-arm-none-eabi/bin/../lib/gcc/arm-none-eabi/13.2.1/thumb/v7e-m+fp/hard/libgcc.a(_aeabi_ldivmod.o) (__aeabi_ldiv0)
/home/strongfood/.mcuxpressotools/arm-gnu-toolchain-13.2.Rel1-x86_64-arm-none-eabi/bin/../lib/gcc/arm-none-eabi/13.2.1/../../../../arm-none-eabi/lib/thumb/v7e-m+fp/hard/libc_nano.a(libc_a-exit.o)
                              /home/strongfood/.mcuxpressotools/arm-gnu-toolchain-13.2.Rel1-x86_64-arm-none-eabi/bin/../lib/gcc/arm-none-eabi/13.2.1/../../../../arm-none-eabi/lib/thumb/v7e-m+fp/hard/crt0.o (exit)
/home/strongfood/.mcuxpressotools/arm-gnu-toolchain-13.2.Rel1-x86_64-arm-none-eabi/bin/../lib/gcc/arm-none-eabi/13.2.1/../../../../arm-none-eabi/lib/thumb/v7e-m+fp/hard/libc_nano.a(libc_a-strtoul.o)
                              CMakeFiles/bubble_cm4.elf.dir/home/strongfood/.nxp/SDKs/SDK_2_16_000_FRDM-K32L3A6/devices/K32L3A60/utilities/str/fsl_str.c.obj (strtoul)
/home/strongfood/.mcuxpressotools/arm-gnu-toolchain-13.2.Rel1-x86_64-arm-none-eabi/bin/../lib/gcc/arm-none-eabi/13.2.1/../../../../arm-none-eabi/lib/thumb/v7e-m+fp/hard/libc_nano.a(libc_a-init.o)
                              /home/strongfood/.mcuxpressotools/arm-gnu-toolchain-13.2.Rel1-x86_64-arm-none-eabi/bin/../lib/gcc/arm-none-eabi/13.2.1/../../../../arm-none-eabi/lib/thumb/v7e-m+fp/hard/crt0.o (__libc_init_array)
/home/strongfood/.mcuxpressotools/arm-gnu-toolchain-13.2.Rel1-x86_64-arm-none-eabi/bin/../lib/gcc/arm-none-eabi/13.2.1/../../../../arm-none-eabi/lib/thumb/v7e-m+fp/hard/libc_nano.a(libc_a-impure.o)
                              /home/strongfood/.mcuxpressotools/arm-gnu-toolchain-13.2.Rel1-x86_64-arm-none-eabi/bin/../lib/gcc/arm-none-eabi/13.2.1/../../../../arm-none-eabi/lib/thumb/v7e-m+fp/hard/libc_nano.a(libc_a-strtoul.o) (_impure_ptr)
/home/strongfood/.mcuxpressotools/arm-gnu-toolchain-13.2.Rel1-x86_64-arm-none-eabi/bin/../lib/gcc/arm-none-eabi/13.2.1/../../../../arm-none-eabi/lib/thumb/v7e-m+fp/hard/libc_nano.a(libc_a-malloc.o)
                              CMakeFiles/bubble_cm4.elf.dir/home/strongfood/.nxp/SDKs/SDK_2_16_000_FRDM-K32L3A6/devices/K32L3A60/drivers/fsl_common.c.obj (malloc)
[...]
Memory Configuration

Name             Origin             Length             Attributes
m_interrupts     0x00000000         0x00000400         xr
m_text           0x00000400         0x000ffc00         xr
m_data           0x20000000         0x00030000         rw
rpmsg_sh_mem     0x2002e800         0x00000000         rw
m_usb_sram       0x48010000         0x00000800         rw
m_core1_image    0x01000000         0x00040000         xr
*default*        0x00000000         0xffffffff

Linker script and memory map

LOAD /home/strongfood/.mcuxpressotools/arm-gnu-toolchain-13.2.Rel1-x86_64-arm-none-eabi/bin/../lib/gcc/arm-none-eabi/13.2.1/thumb/v7e-m+fp/hard/crti.o
LOAD /home/strongfood/.mcuxpressotools/arm-gnu-toolchain-13.2.Rel1-x86_64-arm-none-eabi/bin/../lib/gcc/arm-none-eabi/13.2.1/thumb/v7e-m+fp/hard/crtbegin.o
LOAD /home/strongfood/.mcuxpressotools/arm-gnu-toolchain-13.2.Rel1-x86_64-arm-none-eabi/bin/../lib/gcc/arm-none-eabi/13.2.1/../../../../arm-none-eabi/lib/thumb/v7e-m+fp/hard/crt0.o
LOAD CMakeFiles/bubble_cm4.elf.dir/home/strongfood/Documents/VS_Code/ARM-Development/FRDM-K32L3A6/frdmk32l3a6_bubble_cm4/bubble.c.obj
LOAD CMakeFiles/bubble_cm4.elf.dir/home/strongfood/Documents/VS_Code/ARM-Development/FRDM-K32L3A6/frdmk32l3a6_bubble_cm4/pin_mux.c.obj
LOAD CMakeFiles/bubble_cm4.elf.dir/home/strongfood/Documents/VS_Code/ARM-Development/FRDM-K32L3A6/frdmk32l3a6_bubble_cm4/board.c.obj
LOAD CMakeFiles/bubble_cm4.elf.dir/home/strongfood/Documents/VS_Code/ARM-Development/FRDM-K32L3A6/frdmk32l3a6_bubble_cm4/clock_config.c.obj
LOAD CMakeFiles/bubble_cm4.elf.dir/home/strongfood/.nxp/SDKs/SDK_2_16_000_FRDM-K32L3A6/components/lists/fsl_component_generic_list.c.obj
LOAD CMakeFiles/bubble_cm4.elf.dir/home/strongfood/.nxp/SDKs/SDK_2_16_000_FRDM-K32L3A6/components/uart/fsl_adapter_lpuart.c.obj
LOAD CMakeFiles/bubble_cm4.elf.dir/home/strongfood/.nxp/SDKs/SDK_2_16_000_FRDM-K32L3A6/devices/K32L3A60/gcc/startup_K32L3A60_cm4.S.obj
LOAD CMakeFiles/bubble_cm4.elf.dir/home/strongfood/.nxp/SDKs/SDK_2_16_000_FRDM-K32L3A6/devices/K32L3A60/system_K32L3A60_cm4.c.obj
LOAD CMakeFiles/bubble_cm4.elf.dir/home/strongfood/.nxp/SDKs/SDK_2_16_000_FRDM-K32L3A6/devices/K32L3A60/drivers/fsl_clock.c.obj
LOAD CMakeFiles/bubble_cm4.elf.dir/home/strongfood/.nxp/SDKs/SDK_2_16_000_FRDM-K32L3A6/devices/K32L3A60/drivers/fsl_common.c.obj
LOAD CMakeFiles/bubble_cm4.elf.dir/home/strongfood/.nxp/SDKs/SDK_2_16_000_FRDM-K32L3A6/devices/K32L3A60/drivers/fsl_common_arm.c.obj
LOAD CMakeFiles/bubble_cm4.elf.dir/home/strongfood/.nxp/SDKs/SDK_2_16_000_FRDM-K32L3A6/components/fxos8700cq/fsl_fxos.c.obj
LOAD CMakeFiles/bubble_cm4.elf.dir/home/strongfood/.nxp/SDKs/SDK_2_16_000_FRDM-K32L3A6/devices/K32L3A60/drivers/fsl_gpio.c.obj
LOAD CMakeFiles/bubble_cm4.elf.dir/home/strongfood/.nxp/SDKs/SDK_2_16_000_FRDM-K32L3A6/devices/K32L3A60/drivers/fsl_lpi2c.c.obj
LOAD CMakeFiles/bubble_cm4.elf.dir/home/strongfood/.nxp/SDKs/SDK_2_16_000_FRDM-K32L3A6/devices/K32L3A60/drivers/fsl_lpuart.c.obj
LOAD CMakeFiles/bubble_cm4.elf.dir/home/strongfood/.nxp/SDKs/SDK_2_16_000_FRDM-K32L3A6/devices/K32L3A60/drivers/fsl_msmc.c.obj
LOAD CMakeFiles/bubble_cm4.elf.dir/home/strongfood/.nxp/SDKs/SDK_2_16_000_FRDM-K32L3A6/devices/K32L3A60/drivers/fsl_tpm.c.obj
LOAD CMakeFiles/bubble_cm4.elf.dir/home/strongfood/.nxp/SDKs/SDK_2_16_000_FRDM-K32L3A6/devices/K32L3A60/utilities/fsl_sbrk.c.obj
LOAD CMakeFiles/bubble_cm4.elf.dir/home/strongfood/.nxp/SDKs/SDK_2_16_000_FRDM-K32L3A6/devices/K32L3A60/utilities/fsl_syscall_stub.c.obj
LOAD CMakeFiles/bubble_cm4.elf.dir/home/strongfood/.nxp/SDKs/SDK_2_16_000_FRDM-K32L3A6/devices/K32L3A60/utilities/fsl_memcpy.S.obj
LOAD CMakeFiles/bubble_cm4.elf.dir/home/strongfood/.nxp/SDKs/SDK_2_16_000_FRDM-K32L3A6/devices/K32L3A60/utilities/debug_console_lite/fsl_assert.c.obj
LOAD CMakeFiles/bubble_cm4.elf.dir/home/strongfood/.nxp/SDKs/SDK_2_16_000_FRDM-K32L3A6/devices/K32L3A60/utilities/debug_console_lite/fsl_debug_console.c.obj
LOAD CMakeFiles/bubble_cm4.elf.dir/home/strongfood/.nxp/SDKs/SDK_2_16_000_FRDM-K32L3A6/devices/K32L3A60/utilities/str/fsl_str.c.obj
START GROUP
LOAD /home/strongfood/.mcuxpressotools/arm-gnu-toolchain-13.2.Rel1-x86_64-arm-none-eabi/bin/../lib/gcc/arm-none-eabi/13.2.1/thumb/v7e-m+fp/hard/libgcc.a
LOAD /home/strongfood/.mcuxpressotools/arm-gnu-toolchain-13.2.Rel1-x86_64-arm-none-eabi/bin/../lib/gcc/arm-none-eabi/13.2.1/../../../../arm-none-eabi/lib/thumb/v7e-m+fp/hard/libc_nano.a
LOAD /home/strongfood/.mcuxpressotools/arm-gnu-toolchain-13.2.Rel1-x86_64-arm-none-eabi/bin/../lib/gcc/arm-none-eabi/13.2.1/../../../../arm-none-eabi/lib/thumb/v7e-m+fp/hard/libm.a
LOAD /home/strongfood/.mcuxpressotools/arm-gnu-toolchain-13.2.Rel1-x86_64-arm-none-eabi/bin/../lib/gcc/arm-none-eabi/13.2.1/../../../../arm-none-eabi/lib/thumb/v7e-m+fp/hard/libcr_newlib_nohost.a
END GROUP
START GROUP
LOAD /home/strongfood/.mcuxpressotools/arm-gnu-toolchain-13.2.Rel1-x86_64-arm-none-eabi/bin/../lib/gcc/arm-none-eabi/13.2.1/thumb/v7e-m+fp/hard/libgcc.a
LOAD /home/strongfood/.mcuxpressotools/arm-gnu-toolchain-13.2.Rel1-x86_64-arm-none-eabi/bin/../lib/gcc/arm-none-eabi/13.2.1/../../../../arm-none-eabi/lib/thumb/v7e-m+fp/hard/libg_nano.a
LOAD /home/strongfood/.mcuxpressotools/arm-gnu-toolchain-13.2.Rel1-x86_64-arm-none-eabi/bin/../lib/gcc/arm-none-eabi/13.2.1/../../../../arm-none-eabi/lib/thumb/v7e-m+fp/hard/libc_nano.a
END GROUP
START GROUP
LOAD /home/strongfood/.mcuxpressotools/arm-gnu-toolchain-13.2.Rel1-x86_64-arm-none-eabi/bin/../lib/gcc/arm-none-eabi/13.2.1/thumb/v7e-m+fp/hard/libgcc.a
LOAD /home/strongfood/.mcuxpressotools/arm-gnu-toolchain-13.2.Rel1-x86_64-arm-none-eabi/bin/../lib/gcc/arm-none-eabi/13.2.1/../../../../arm-none-eabi/lib/thumb/v7e-m+fp/hard/libc_nano.a
LOAD /home/strongfood/.mcuxpressotools/arm-gnu-toolchain-13.2.Rel1-x86_64-arm-none-eabi/bin/../lib/gcc/arm-none-eabi/13.2.1/../../../../arm-none-eabi/lib/thumb/v7e-m+fp/hard/libnosys.a
END GROUP
START GROUP
LOAD /home/strongfood/.mcuxpressotools/arm-gnu-toolchain-13.2.Rel1-x86_64-arm-none-eabi/bin/../lib/gcc/arm-none-eabi/13.2.1/thumb/v7e-m+fp/hard/libgcc.a
LOAD /home/strongfood/.mcuxpressotools/arm-gnu-toolchain-13.2.Rel1-x86_64-arm-none-eabi/bin/../lib/gcc/arm-none-eabi/13.2.1/../../../../arm-none-eabi/lib/thumb/v7e-m+fp/hard/libc_nano.a
LOAD /home/strongfood/.mcuxpressotools/arm-gnu-toolchain-13.2.Rel1-x86_64-arm-none-eabi/bin/../lib/gcc/arm-none-eabi/13.2.1/../../../../arm-none-eabi/lib/thumb/v7e-m+fp/hard/libnosys.a
END GROUP
LOAD /home/strongfood/.mcuxpressotools/arm-gnu-toolchain-13.2.Rel1-x86_64-arm-none-eabi/bin/../lib/gcc/arm-none-eabi/13.2.1/thumb/v7e-m+fp/hard/crtend.o
LOAD /home/strongfood/.mcuxpressotools/arm-gnu-toolchain-13.2.Rel1-x86_64-arm-none-eabi/bin/../lib/gcc/arm-none-eabi/13.2.1/thumb/v7e-m+fp/hard/crtn.o
                0x00000400                        HEAP_SIZE = DEFINED (__heap_size__)?__heap_size__:0x400
                0x00000400                        STACK_SIZE = DEFINED (__stack_size__)?__stack_size__:0x400
                0x00000000                        RPMSG_SHMEM_SIZE = DEFINED (__use_shmem__)?0x1800:0x0

.core1_code     0x01000000        0x0
                0x01000000                        . = ALIGN (0x4)
 *(.core1_code)
 *(.core1_code*)
                0x01000000                        . = ALIGN (0x4)

.noinit_rpmsg_sh_mem
                0x2002e800        0x0
                0x2002e800                        __RPMSG_SH_MEM_START__ = .
 *(.noinit.$rpmsg_sh_mem*)
                0x2002e800                        . = ALIGN (0x4)
                0x2002e800                        __RPMSG_SH_MEM_END__ = .

.interrupts     0x00000000      0x400
                0x00000000                        . = ALIGN (0x4)
 *(.isr_vector)
 .isr_vector    0x00000000      0x400 CMakeFiles/bubble_cm4.elf.dir/home/strongfood/.nxp/SDKs/SDK_2_16_000_FRDM-K32L3A6/devices/K32L3A60/gcc/startup_K32L3A60_cm4.S.obj
                0x00000000                __isr_vector
                0x00000400                        . = ALIGN (0x4)

.text           0x00000400     0x7000
                0x00000400                        . = ALIGN (0x4)
 *(.text)
 .text          0x00000400       0x7c /home/strongfood/.mcuxpressotools/arm-gnu-toolchain-13.2.Rel1-x86_64-arm-none-eabi/bin/../lib/gcc/arm-none-eabi/13.2.1/../../../../arm-none-eabi/lib/thumb/v7e-m+fp/hard/crt0.o
                0x00000400                _stack_init
                0x00000408                _mainCRTStartup
                0x00000408                _start
 .text          0x0000047c      0x18c CMakeFiles/bubble_cm4.elf.dir/home/strongfood/.nxp/SDKs/SDK_2_16_000_FRDM-K32L3A6/devices/K32L3A60/gcc/startup_K32L3A60_cm4.S.obj
                0x0000047c                Reset_Handler
                0x000004dc                LPSPI2_DriverIRQHandler
                0x000004dc                DMA0_Error_DriverIRQHandler
                0x000004dc                DebugMon_Handler
                0x000004dc                DMA0_DriverIRQHandler
                0x000004dc                DMA12_DriverIRQHandler
                0x000004dc                I2S0_DriverIRQHandler
                0x000004dc                LPTMR2_IRQHandler
                0x000004dc                TPM0_IRQHandler
                0x000004dc                LPIT0_IRQHandler
                0x000004dc                LPCMP0_IRQHandler
                0x000004dc                WDOG0_IRQHandler
                0x000004dc                DMA6_DriverIRQHandler
                0x000004dc                FLEXIO0_DriverIRQHandler
                0x000004dc                EMVSIM0_IRQHandler
                0x000004dc                LPCMP1_IRQHandler
                0x000004dc                UsageFault_Handler
                0x000004dc                FTFE_Command_Complete_IRQHandler
                0x000004dc                DefaultISR
                0x000004dc                DMA11_DriverIRQHandler
                0x000004dc                PORTD_IRQHandler
                0x000004dc                PORTB_IRQHandler
                0x000004dc                DMA10_DriverIRQHandler
                0x000004dc                USDHC0_DriverIRQHandler
                0x000004dc                LLWU0_IRQHandler
                0x000004dc                LPDAC0_IRQHandler
                0x000004dc                DMA5_DriverIRQHandler
                0x000004dc                DMA4_DriverIRQHandler
                0x000004dc                TPM2_IRQHandler
                0x000004dc                RTC_IRQHandler
                0x000004dc                EWM_IRQHandler
                0x000004dc                MUA_IRQHandler
                0x000004dc                DMA3_DriverIRQHandler
                0x000004dc                TPM3_IRQHandler
                0x000004dc                DMA9_DriverIRQHandler
                0x000004dc                DMA8_DriverIRQHandler
                0x000004dc                CTI0_MCM0_IRQHandler
                0x000004dc                DMA14_DriverIRQHandler
                0x000004dc                LPADC0_IRQHandler
                0x000004dc                LPSPI0_DriverIRQHandler
                0x000004dc                USB0_IRQHandler
                0x000004dc                MemManage_Handler
                0x000004dc                FTFE_Read_Collision_IRQHandler
                0x000004dc                DMA1_DriverIRQHandler
                0x000004dc                LPSPI1_DriverIRQHandler
                0x000004dc                SCG_IRQHandler
                0x000004dc                DMA13_DriverIRQHandler
                0x000004dc                DMA15_DriverIRQHandler
                0x000004dc                TPM1_IRQHandler
                0x000004dc                CAU3_Security_Violation_IRQHandler
                0x000004dc                MSMC_IRQHandler
                0x000004dc                PORTA_IRQHandler
                0x000004dc                LPIT1_IRQHandler
                0x000004dc                CAU3_Task_Complete_IRQHandler
                0x000004dc                PORTE_IRQHandler
                0x000004dc                LPTMR0_IRQHandler
                0x000004dc                BusFault_Handler
                0x000004dc                SPM_IRQHandler
                0x000004dc                DMA2_DriverIRQHandler
                0x000004dc                LPSPI3_DriverIRQHandler
                0x000004dc                LPTMR1_IRQHandler
                0x000004dc                DMA7_DriverIRQHandler
                0x000004dc                TRNG_IRQHandler
                0x000004dc                PORTC_IRQHandler
                0x000004e0                NMI_Handler
                0x000004e4                HardFault_Handler
                0x000004e8                SVC_Handler
                0x000004ec                PendSV_Handler
                0x000004f0                SysTick_Handler
                0x000004f4                DMA0_IRQHandler
                0x000004f8                DMA1_IRQHandler
                0x000004fc                DMA2_IRQHandler
                0x00000500                DMA3_IRQHandler
                0x00000504                DMA4_IRQHandler
                0x00000508                DMA5_IRQHandler
                0x0000050c                DMA6_IRQHandler
                0x00000510                DMA7_IRQHandler
                0x00000514                DMA8_IRQHandler
                0x00000518                DMA9_IRQHandler
                0x0000051c                DMA10_IRQHandler
                0x00000520                DMA11_IRQHandler
                0x00000524                DMA12_IRQHandler
                0x00000528                DMA13_IRQHandler
                0x0000052c                DMA14_IRQHandler
                0x00000530                DMA15_IRQHandler
                0x00000534                DMA0_Error_IRQHandler
                0x00000538                FLEXIO0_IRQHandler
                0x0000053c                LPI2C0_IRQHandler
                0x00000540                LPI2C1_IRQHandler
                0x00000544                LPI2C2_IRQHandler
                0x00000548                I2S0_IRQHandler
                0x0000054c                USDHC0_IRQHandler
                0x00000550                LPSPI0_IRQHandler
                0x00000554                LPSPI1_IRQHandler
                0x00000558                LPSPI2_IRQHandler
                0x0000055c                LPUART0_IRQHandler
                0x00000560                LPUART1_IRQHandler
                0x00000564                LPUART2_IRQHandler
                0x00000568                LPI2C3_IRQHandler
                0x0000056c                LPSPI3_IRQHandler
                0x00000570                LPUART3_IRQHandler
 .text          0x00000608       0xa0 CMakeFiles/bubble_cm4.elf.dir/home/strongfood/.nxp/SDKs/SDK_2_16_000_FRDM-K32L3A6/devices/K32L3A60/utilities/fsl_memcpy.S.obj
                0x00000608                memcpy
 .text          0x000006a8      0x378 /home/strongfood/.mcuxpressotools/arm-gnu-toolchain-13.2.Rel1-x86_64-arm-none-eabi/bin/../lib/gcc/arm-none-eabi/13.2.1/thumb/v7e-m+fp/hard/libgcc.a(_arm_addsubdf3.o)
                0x000006a8                __aeabi_drsub
                0x000006b0                __aeabi_dsub
                0x000006b0                __subdf3
                0x000006b4                __adddf3
                0x000006b4                __aeabi_dadd
                0x0000092c                __aeabi_ui2d
                0x0000092c                __floatunsidf
                0x0000094c                __floatsidf
                0x0000094c                __aeabi_i2d
                0x00000970                __extendsfdf2
                0x00000970                __aeabi_f2d
                0x000009b4                __aeabi_ul2d
                0x000009b4                __floatundidf
                0x000009c4                __floatdidf
                0x000009c4                __aeabi_l2d
 .text          0x00000a20      0x424 /home/strongfood/.mcuxpressotools/arm-gnu-toolchain-13.2.Rel1-x86_64-arm-none-eabi/bin/../lib/gcc/arm-none-eabi/13.2.1/thumb/v7e-m+fp/hard/libgcc.a(_arm_muldivdf3.o)
                0x00000a20                __aeabi_dmul
                0x00000a20                __muldf3
                0x00000c74                __aeabi_ddiv
                0x00000c74                __divdf3
 .text          0x00000e44       0x50 /home/strongfood/.mcuxpressotools/arm-gnu-toolchain-13.2.Rel1-x86_64-arm-none-eabi/bin/../lib/gcc/arm-none-eabi/13.2.1/thumb/v7e-m+fp/hard/libgcc.a(_arm_fixdfsi.o)
                0x00000e44                __fixdfsi
                0x00000e44                __aeabi_d2iz
 .text          0x00000e94       0xa0 /home/strongfood/.mcuxpressotools/arm-gnu-toolchain-13.2.Rel1-x86_64-arm-none-eabi/bin/../lib/gcc/arm-none-eabi/13.2.1/thumb/v7e-m+fp/hard/libgcc.a(_aeabi_ldivmod.o)
                0x00000e94                __aeabi_ldivmod
 .text          0x00000f34       0x30 /home/strongfood/.mcuxpressotools/arm-gnu-toolchain-13.2.Rel1-x86_64-arm-none-eabi/bin/../lib/gcc/arm-none-eabi/13.2.1/thumb/v7e-m+fp/hard/libgcc.a(_aeabi_uldivmod.o)
                0x00000f34                __aeabi_uldivmod
 .text          0x00000f64        0x4 /home/strongfood/.mcuxpressotools/arm-gnu-toolchain-13.2.Rel1-x86_64-arm-none-eabi/bin/../lib/gcc/arm-none-eabi/13.2.1/thumb/v7e-m+fp/hard/libgcc.a(_dvmd_tls.o)
                0x00000f64                __aeabi_ldiv0
                0x00000f64                __aeabi_idiv0
 .text          0x00000f68       0x10 /home/strongfood/.mcuxpressotools/arm-gnu-toolchain-13.2.Rel1-x86_64-arm-none-eabi/bin/../lib/gcc/arm-none-eabi/13.2.1/../../../../arm-none-eabi/lib/thumb/v7e-m+fp/hard/libc_nano.a(libc_a-strlen.o)
                0x00000f68                strlen
 .text          0x00000f78      0x110 /home/strongfood/.mcuxpressotools/arm-gnu-toolchain-13.2.Rel1-x86_64-arm-none-eabi/bin/../lib/gcc/arm-none-eabi/13.2.1/thumb/v7e-m+fp/hard/libgcc.a(_arm_cmpdf2.o)
                0x00000f78                __gtdf2
                0x00000f78                __gedf2
                0x00000f80                __ltdf2
                0x00000f80                __ledf2
                0x00000f88                __cmpdf2
                0x00000f88                __eqdf2
                0x00000f88                __nedf2
                0x00001004                __aeabi_cdrcmple
                0x00001014                __aeabi_cdcmple
                0x00001014                __aeabi_cdcmpeq
                0x00001024                __aeabi_dcmpeq
                0x00001038                __aeabi_dcmplt
                0x0000104c                __aeabi_dcmple
                0x00001060                __aeabi_dcmpge
                0x00001074                __aeabi_dcmpgt
 .text          0x00001088       0x2c /home/strongfood/.mcuxpressotools/arm-gnu-toolchain-13.2.Rel1-x86_64-arm-none-eabi/bin/../lib/gcc/arm-none-eabi/13.2.1/thumb/v7e-m+fp/hard/libgcc.a(_arm_unorddf2.o)
                0x00001088                __aeabi_dcmpun
                0x00001088                __unorddf2
 *(.text*)
 .text.deregister_tm_clones
                0x000010b4       0x1c /home/strongfood/.mcuxpressotools/arm-gnu-toolchain-13.2.Rel1-x86_64-arm-none-eabi/bin/../lib/gcc/arm-none-eabi/13.2.1/thumb/v7e-m+fp/hard/crtbegin.o
 .text.register_tm_clones
                0x000010d0       0x24 /home/strongfood/.mcuxpressotools/arm-gnu-toolchain-13.2.Rel1-x86_64-arm-none-eabi/bin/../lib/gcc/arm-none-eabi/13.2.1/thumb/v7e-m+fp/hard/crtbegin.o
 .text.__do_global_dtors_aux
                0x000010f4       0x28 /home/strongfood/.mcuxpressotools/arm-gnu-toolchain-13.2.Rel1-x86_64-arm-none-eabi/bin/../lib/gcc/arm-none-eabi/13.2.1/thumb/v7e-m+fp/hard/crtbegin.o
 .text.frame_dummy
                0x0000111c       0x24 /home/strongfood/.mcuxpressotools/arm-gnu-toolchain-13.2.Rel1-x86_64-arm-none-eabi/bin/../lib/gcc/arm-none-eabi/13.2.1/thumb/v7e-m+fp/hard/crtbegin.o
 .text.CLOCK_EnableClock
                0x00001140       0x40 CMakeFiles/bubble_cm4.elf.dir/home/strongfood/Documents/VS_Code/ARM-Development/FRDM-K32L3A6/frdmk32l3a6_bubble_cm4/bubble.c.obj
 .text.CLOCK_SetIpSrc
                0x00001180       0x78 CMakeFiles/bubble_cm4.elf.dir/home/strongfood/Documents/VS_Code/ARM-Development/FRDM-K32L3A6/frdmk32l3a6_bubble_cm4/bubble.c.obj
 .text.GPIO_PinWrite
                0x000011f8       0x36 CMakeFiles/bubble_cm4.elf.dir/home/strongfood/Documents/VS_Code/ARM-Development/FRDM-K32L3A6/frdmk32l3a6_bubble_cm4/bubble.c.obj
 *fill*         0x0000122e        0x2 
 .text.PORT_SetPinConfig
                0x00001230       0x48 CMakeFiles/bubble_cm4.elf.dir/home/strongfood/Documents/VS_Code/ARM-Development/FRDM-K32L3A6/frdmk32l3a6_bubble_cm4/bubble.c.obj
 .text.TPM_StartTimer
                0x00001278       0x3a CMakeFiles/bubble_cm4.elf.dir/home/strongfood/Documents/VS_Code/ARM-Development/FRDM-K32L3A6/frdmk32l3a6_bubble_cm4/bubble.c.obj
 .text.i2c_release_bus_delay
                0x000012b2       0x2c CMakeFiles/bubble_cm4.elf.dir/home/strongfood/Documents/VS_Code/ARM-Development/FRDM-K32L3A6/frdmk32l3a6_bubble_cm4/bubble.c.obj
 *fill*         0x000012de        0x2 
 .text.BOARD_I2C_ReleaseBus
                0x000012e0       0xf8 CMakeFiles/bubble_cm4.elf.dir/home/strongfood/Documents/VS_Code/ARM-Development/FRDM-K32L3A6/frdmk32l3a6_bubble_cm4/bubble.c.obj
                0x000012e0                BOARD_I2C_ReleaseBus
 .text.Timer_Init
                0x000013d8       0x68 CMakeFiles/bubble_cm4.elf.dir/home/strongfood/Documents/VS_Code/ARM-Development/FRDM-K32L3A6/frdmk32l3a6_bubble_cm4/bubble.c.obj
 .text.Board_UpdatePwm
                0x00001440       0x48 CMakeFiles/bubble_cm4.elf.dir/home/strongfood/Documents/VS_Code/ARM-Development/FRDM-K32L3A6/frdmk32l3a6_bubble_cm4/bubble.c.obj
 .text.main     0x00001488      0x450 CMakeFiles/bubble_cm4.elf.dir/home/strongfood/Documents/VS_Code/ARM-Development/FRDM-K32L3A6/frdmk32l3a6_bubble_cm4/bubble.c.obj
                0x00001488                main
 .text.CLOCK_EnableClock
                0x000018d8       0x40 CMakeFiles/bubble_cm4.elf.dir/home/strongfood/Documents/VS_Code/ARM-Development/FRDM-K32L3A6/frdmk32l3a6_bubble_cm4/pin_mux.c.obj
 .text.PORT_SetPinConfig
                0x00001918       0x48 CMakeFiles/bubble_cm4.elf.dir/home/strongfood/Documents/VS_Code/ARM-Development/FRDM-K32L3A6/frdmk32l3a6_bubble_cm4/pin_mux.c.obj
 .text.PORT_SetPinMux
                0x00001960       0x3a CMakeFiles/bubble_cm4.elf.dir/home/strongfood/Documents/VS_Code/ARM-Development/FRDM-K32L3A6/frdmk32l3a6_bubble_cm4/pin_mux.c.obj
 .text.BOARD_InitBootPins
                0x0000199a        0xc CMakeFiles/bubble_cm4.elf.dir/home/strongfood/Documents/VS_Code/ARM-Development/FRDM-K32L3A6/frdmk32l3a6_bubble_cm4/pin_mux.c.obj
                0x0000199a                BOARD_InitBootPins
 *fill*         0x000019a6        0x2 
 .text.BOARD_InitPins
                0x000019a8       0x4c CMakeFiles/bubble_cm4.elf.dir/home/strongfood/Documents/VS_Code/ARM-Development/FRDM-K32L3A6/frdmk32l3a6_bubble_cm4/pin_mux.c.obj
                0x000019a8                BOARD_InitPins
 .text.BOARD_I2C_ConfigurePins
                0x000019f4       0x70 CMakeFiles/bubble_cm4.elf.dir/home/strongfood/Documents/VS_Code/ARM-Development/FRDM-K32L3A6/frdmk32l3a6_bubble_cm4/pin_mux.c.obj
                0x000019f4                BOARD_I2C_ConfigurePins
 .text.CLOCK_SetIpSrc
                0x00001a64       0x78 CMakeFiles/bubble_cm4.elf.dir/home/strongfood/Documents/VS_Code/ARM-Development/FRDM-K32L3A6/frdmk32l3a6_bubble_cm4/board.c.obj
 .text.BOARD_InitDebugConsole
                0x00001adc       0x30 CMakeFiles/bubble_cm4.elf.dir/home/strongfood/Documents/VS_Code/ARM-Development/FRDM-K32L3A6/frdmk32l3a6_bubble_cm4/board.c.obj
                0x00001adc                BOARD_InitDebugConsole
 .text.BOARD_LPI2C_Init
                0x00001b0c       0x3e CMakeFiles/bubble_cm4.elf.dir/home/strongfood/Documents/VS_Code/ARM-Development/FRDM-K32L3A6/frdmk32l3a6_bubble_cm4/board.c.obj
                0x00001b0c                BOARD_LPI2C_Init
 .text.BOARD_LPI2C_Send
                0x00001b4a       0x4a CMakeFiles/bubble_cm4.elf.dir/home/strongfood/Documents/VS_Code/ARM-Development/FRDM-K32L3A6/frdmk32l3a6_bubble_cm4/board.c.obj
                0x00001b4a                BOARD_LPI2C_Send
 .text.BOARD_LPI2C_Receive
                0x00001b94       0x4a CMakeFiles/bubble_cm4.elf.dir/home/strongfood/Documents/VS_Code/ARM-Development/FRDM-K32L3A6/frdmk32l3a6_bubble_cm4/board.c.obj
                0x00001b94                BOARD_LPI2C_Receive
 *fill*         0x00001bde        0x2 
 .text.BOARD_Accel_I2C_Init
                0x00001be0       0x20 CMakeFiles/bubble_cm4.elf.dir/home/strongfood/Documents/VS_Code/ARM-Development/FRDM-K32L3A6/frdmk32l3a6_bubble_cm4/board.c.obj
                0x00001be0                BOARD_Accel_I2C_Init
 .text.BOARD_Accel_I2C_Send
                0x00001c00       0x40 CMakeFiles/bubble_cm4.elf.dir/home/strongfood/Documents/VS_Code/ARM-Development/FRDM-K32L3A6/frdmk32l3a6_bubble_cm4/board.c.obj
                0x00001c00                BOARD_Accel_I2C_Send
 .text.BOARD_Accel_I2C_Receive
                0x00001c40       0x38 CMakeFiles/bubble_cm4.elf.dir/home/strongfood/Documents/VS_Code/ARM-Development/FRDM-K32L3A6/frdmk32l3a6_bubble_cm4/board.c.obj
                0x00001c40                BOARD_Accel_I2C_Receive
 .text.CLOCK_SetRunModeSysClkConfig
                0x00001c78       0x3c CMakeFiles/bubble_cm4.elf.dir/home/strongfood/Documents/VS_Code/ARM-Development/FRDM-K32L3A6/frdmk32l3a6_bubble_cm4/clock_config.c.obj
 .text.CLOCK_GetCurSysClkConfig
                0x00001cb4       0x3c CMakeFiles/bubble_cm4.elf.dir/home/strongfood/Documents/VS_Code/ARM-Development/FRDM-K32L3A6/frdmk32l3a6_bubble_cm4/clock_config.c.obj
 .text.CLOCK_CONFIG_FircSafeConfig
                0x00001cf0       0x76 CMakeFiles/bubble_cm4.elf.dir/home/strongfood/Documents/VS_Code/ARM-Development/FRDM-K32L3A6/frdmk32l3a6_bubble_cm4/clock_config.c.obj
 .text.BOARD_InitBootClocks
                0x00001d66        0xc CMakeFiles/bubble_cm4.elf.dir/home/strongfood/Documents/VS_Code/ARM-Development/FRDM-K32L3A6/frdmk32l3a6_bubble_cm4/clock_config.c.obj
                0x00001d66                BOARD_InitBootClocks
 *fill*         0x00001d72        0x2 
 .text.BOARD_BootClockRUN
                0x00001d74       0x5c CMakeFiles/bubble_cm4.elf.dir/home/strongfood/Documents/VS_Code/ARM-Development/FRDM-K32L3A6/frdmk32l3a6_bubble_cm4/clock_config.c.obj
                0x00001d74                BOARD_BootClockRUN
 .text.HAL_UartGetStatus
                0x00001dd0       0x28 CMakeFiles/bubble_cm4.elf.dir/home/strongfood/.nxp/SDKs/SDK_2_16_000_FRDM-K32L3A6/components/uart/fsl_adapter_lpuart.c.obj
 .text.HAL_UartInitCommon
                0x00001df8       0xe0 CMakeFiles/bubble_cm4.elf.dir/home/strongfood/.nxp/SDKs/SDK_2_16_000_FRDM-K32L3A6/components/uart/fsl_adapter_lpuart.c.obj
 .text.HAL_UartInit
                0x00001ed8       0xac CMakeFiles/bubble_cm4.elf.dir/home/strongfood/.nxp/SDKs/SDK_2_16_000_FRDM-K32L3A6/components/uart/fsl_adapter_lpuart.c.obj
                0x00001ed8                HAL_UartInit
 .text.HAL_UartReceiveBlocking
                0x00001f84       0x8c CMakeFiles/bubble_cm4.elf.dir/home/strongfood/.nxp/SDKs/SDK_2_16_000_FRDM-K32L3A6/components/uart/fsl_adapter_lpuart.c.obj
                0x00001f84                HAL_UartReceiveBlocking
 .text.HAL_UartSendBlocking
                0x00002010       0x84 CMakeFiles/bubble_cm4.elf.dir/home/strongfood/.nxp/SDKs/SDK_2_16_000_FRDM-K32L3A6/components/uart/fsl_adapter_lpuart.c.obj
                0x00002010                HAL_UartSendBlocking
 .text.SystemInit
                0x00002094       0xac CMakeFiles/bubble_cm4.elf.dir/home/strongfood/.nxp/SDKs/SDK_2_16_000_FRDM-K32L3A6/devices/K32L3A60/system_K32L3A60_cm4.c.obj
                0x00002094                SystemInit
 .text.SystemInitHook
                0x00002140        0xe CMakeFiles/bubble_cm4.elf.dir/home/strongfood/.nxp/SDKs/SDK_2_16_000_FRDM-K32L3A6/devices/K32L3A60/system_K32L3A60_cm4.c.obj
                0x00002140                SystemInitHook
 *fill*         0x0000214e        0x2 
 .text.CLOCK_GetIpFreq
                0x00002150       0xf8 CMakeFiles/bubble_cm4.elf.dir/home/strongfood/.nxp/SDKs/SDK_2_16_000_FRDM-K32L3A6/devices/K32L3A60/drivers/fsl_clock.c.obj
                0x00002150                CLOCK_GetIpFreq
 .text.CLOCK_InitSirc
                0x00002248       0x98 CMakeFiles/bubble_cm4.elf.dir/home/strongfood/.nxp/SDKs/SDK_2_16_000_FRDM-K32L3A6/devices/K32L3A60/drivers/fsl_clock.c.obj
                0x00002248                CLOCK_InitSirc
 .text.CLOCK_DeinitSirc
                0x000022e0       0x48 CMakeFiles/bubble_cm4.elf.dir/home/strongfood/.nxp/SDKs/SDK_2_16_000_FRDM-K32L3A6/devices/K32L3A60/drivers/fsl_clock.c.obj
                0x000022e0                CLOCK_DeinitSirc
 .text.CLOCK_GetSircFreq
                0x00002328       0x38 CMakeFiles/bubble_cm4.elf.dir/home/strongfood/.nxp/SDKs/SDK_2_16_000_FRDM-K32L3A6/devices/K32L3A60/drivers/fsl_clock.c.obj
                0x00002328                CLOCK_GetSircFreq
 .text.CLOCK_GetSircAsyncFreq
                0x00002360       0x84 CMakeFiles/bubble_cm4.elf.dir/home/strongfood/.nxp/SDKs/SDK_2_16_000_FRDM-K32L3A6/devices/K32L3A60/drivers/fsl_clock.c.obj
                0x00002360                CLOCK_GetSircAsyncFreq
 .text.CLOCK_InitFirc
                0x000023e4      0x104 CMakeFiles/bubble_cm4.elf.dir/home/strongfood/.nxp/SDKs/SDK_2_16_000_FRDM-K32L3A6/devices/K32L3A60/drivers/fsl_clock.c.obj
                0x000023e4                CLOCK_InitFirc
 .text.CLOCK_DeinitFirc
                0x000024e8       0x48 CMakeFiles/bubble_cm4.elf.dir/home/strongfood/.nxp/SDKs/SDK_2_16_000_FRDM-K32L3A6/devices/K32L3A60/drivers/fsl_clock.c.obj
                0x000024e8                CLOCK_DeinitFirc
 .text.CLOCK_GetFircFreq
                0x00002530       0x38 CMakeFiles/bubble_cm4.elf.dir/home/strongfood/.nxp/SDKs/SDK_2_16_000_FRDM-K32L3A6/devices/K32L3A60/drivers/fsl_clock.c.obj
                0x00002530                CLOCK_GetFircFreq
 .text.CLOCK_GetFircAsyncFreq
                0x00002568       0x84 CMakeFiles/bubble_cm4.elf.dir/home/strongfood/.nxp/SDKs/SDK_2_16_000_FRDM-K32L3A6/devices/K32L3A60/drivers/fsl_clock.c.obj
                0x00002568                CLOCK_GetFircAsyncFreq
 .text.CLOCK_InitLpFll
                0x000025ec      0x134 CMakeFiles/bubble_cm4.elf.dir/home/strongfood/.nxp/SDKs/SDK_2_16_000_FRDM-K32L3A6/devices/K32L3A60/drivers/fsl_clock.c.obj
                0x000025ec                CLOCK_InitLpFll
 .text.CLOCK_DeinitLpFll
                0x00002720       0x48 CMakeFiles/bubble_cm4.elf.dir/home/strongfood/.nxp/SDKs/SDK_2_16_000_FRDM-K32L3A6/devices/K32L3A60/drivers/fsl_clock.c.obj
                0x00002720                CLOCK_DeinitLpFll
 .text.CLOCK_GetLpFllFreq
                0x00002768       0x38 CMakeFiles/bubble_cm4.elf.dir/home/strongfood/.nxp/SDKs/SDK_2_16_000_FRDM-K32L3A6/devices/K32L3A60/drivers/fsl_clock.c.obj
                0x00002768                CLOCK_GetLpFllFreq
 .text.CLOCK_GetLpFllAsyncFreq
                0x000027a0       0x68 CMakeFiles/bubble_cm4.elf.dir/home/strongfood/.nxp/SDKs/SDK_2_16_000_FRDM-K32L3A6/devices/K32L3A60/drivers/fsl_clock.c.obj
                0x000027a0                CLOCK_GetLpFllAsyncFreq
 .text.DelayLoop
                0x00002808       0x20 CMakeFiles/bubble_cm4.elf.dir/home/strongfood/.nxp/SDKs/SDK_2_16_000_FRDM-K32L3A6/devices/K32L3A60/drivers/fsl_common_arm.c.obj
 .text.SDK_DelayAtLeastUs
                0x00002828       0x98 CMakeFiles/bubble_cm4.elf.dir/home/strongfood/.nxp/SDKs/SDK_2_16_000_FRDM-K32L3A6/devices/K32L3A60/drivers/fsl_common_arm.c.obj
                0x00002828                SDK_DelayAtLeastUs
 .text.FXOS_Init
                0x000028c0      0x1b0 CMakeFiles/bubble_cm4.elf.dir/home/strongfood/.nxp/SDKs/SDK_2_16_000_FRDM-K32L3A6/components/fxos8700cq/fsl_fxos.c.obj
                0x000028c0                FXOS_Init
 .text.FXOS_ReadSensorData
                0x00002a70       0xa0 CMakeFiles/bubble_cm4.elf.dir/home/strongfood/.nxp/SDKs/SDK_2_16_000_FRDM-K32L3A6/components/fxos8700cq/fsl_fxos.c.obj
                0x00002a70                FXOS_ReadSensorData
 .text.FXOS_ReadReg
                0x00002b10       0x74 CMakeFiles/bubble_cm4.elf.dir/home/strongfood/.nxp/SDKs/SDK_2_16_000_FRDM-K32L3A6/components/fxos8700cq/fsl_fxos.c.obj
                0x00002b10                FXOS_ReadReg
 .text.FXOS_WriteReg
                0x00002b84       0x54 CMakeFiles/bubble_cm4.elf.dir/home/strongfood/.nxp/SDKs/SDK_2_16_000_FRDM-K32L3A6/components/fxos8700cq/fsl_fxos.c.obj
                0x00002b84                FXOS_WriteReg
 .text.GPIO_PinWrite
                0x00002bd8       0x36 CMakeFiles/bubble_cm4.elf.dir/home/strongfood/.nxp/SDKs/SDK_2_16_000_FRDM-K32L3A6/devices/K32L3A60/drivers/fsl_gpio.c.obj
 *fill*         0x00002c0e        0x2 
 .text.GPIO_PinInit
                0x00002c10       0x70 CMakeFiles/bubble_cm4.elf.dir/home/strongfood/.nxp/SDKs/SDK_2_16_000_FRDM-K32L3A6/devices/K32L3A60/drivers/fsl_gpio.c.obj
                0x00002c10                GPIO_PinInit
 .text.CLOCK_EnableClock
                0x00002c80       0x40 CMakeFiles/bubble_cm4.elf.dir/home/strongfood/.nxp/SDKs/SDK_2_16_000_FRDM-K32L3A6/devices/K32L3A60/drivers/fsl_lpi2c.c.obj
 .text.LPI2C_MasterReset
                0x00002cc0       0x20 CMakeFiles/bubble_cm4.elf.dir/home/strongfood/.nxp/SDKs/SDK_2_16_000_FRDM-K32L3A6/devices/K32L3A60/drivers/fsl_lpi2c.c.obj
 .text.LPI2C_MasterEnable
                0x00002ce0       0x28 CMakeFiles/bubble_cm4.elf.dir/home/strongfood/.nxp/SDKs/SDK_2_16_000_FRDM-K32L3A6/devices/K32L3A60/drivers/fsl_lpi2c.c.obj
 .text.LPI2C_MasterGetStatusFlags
                0x00002d08       0x18 CMakeFiles/bubble_cm4.elf.dir/home/strongfood/.nxp/SDKs/SDK_2_16_000_FRDM-K32L3A6/devices/K32L3A60/drivers/fsl_lpi2c.c.obj
 .text.LPI2C_MasterClearStatusFlags
                0x00002d20       0x1c CMakeFiles/bubble_cm4.elf.dir/home/strongfood/.nxp/SDKs/SDK_2_16_000_FRDM-K32L3A6/devices/K32L3A60/drivers/fsl_lpi2c.c.obj
 .text.LPI2C_MasterSetWatermarks
                0x00002d3c       0x2c CMakeFiles/bubble_cm4.elf.dir/home/strongfood/.nxp/SDKs/SDK_2_16_000_FRDM-K32L3A6/devices/K32L3A60/drivers/fsl_lpi2c.c.obj
 .text.LPI2C_MasterGetFifoCounts
                0x00002d68       0x3e CMakeFiles/bubble_cm4.elf.dir/home/strongfood/.nxp/SDKs/SDK_2_16_000_FRDM-K32L3A6/devices/K32L3A60/drivers/fsl_lpi2c.c.obj
 .text.LPI2C_SlaveEnable
                0x00002da6       0x2c CMakeFiles/bubble_cm4.elf.dir/home/strongfood/.nxp/SDKs/SDK_2_16_000_FRDM-K32L3A6/devices/K32L3A60/drivers/fsl_lpi2c.c.obj
 *fill*         0x00002dd2        0x2 
 .text.LPI2C_GetInstance
                0x00002dd4       0x58 CMakeFiles/bubble_cm4.elf.dir/home/strongfood/.nxp/SDKs/SDK_2_16_000_FRDM-K32L3A6/devices/K32L3A60/drivers/fsl_lpi2c.c.obj
                0x00002dd4                LPI2C_GetInstance
 .text.LPI2C_GetCyclesForWidth
                0x00002e2c       0xa8 CMakeFiles/bubble_cm4.elf.dir/home/strongfood/.nxp/SDKs/SDK_2_16_000_FRDM-K32L3A6/devices/K32L3A60/drivers/fsl_lpi2c.c.obj
 .text.LPI2C_MasterCheckAndClearError
                0x00002ed4       0x9c CMakeFiles/bubble_cm4.elf.dir/home/strongfood/.nxp/SDKs/SDK_2_16_000_FRDM-K32L3A6/devices/K32L3A60/drivers/fsl_lpi2c.c.obj
                0x00002ed4                LPI2C_MasterCheckAndClearError
 .text.LPI2C_MasterWaitForTxReady
                0x00002f70       0x52 CMakeFiles/bubble_cm4.elf.dir/home/strongfood/.nxp/SDKs/SDK_2_16_000_FRDM-K32L3A6/devices/K32L3A60/drivers/fsl_lpi2c.c.obj
 .text.LPI2C_CheckForBusyBus
                0x00002fc2       0x38 CMakeFiles/bubble_cm4.elf.dir/home/strongfood/.nxp/SDKs/SDK_2_16_000_FRDM-K32L3A6/devices/K32L3A60/drivers/fsl_lpi2c.c.obj
                0x00002fc2                LPI2C_CheckForBusyBus
 *fill*         0x00002ffa        0x2 
 .text.LPI2C_MasterGetDefaultConfig
                0x00002ffc       0x6c CMakeFiles/bubble_cm4.elf.dir/home/strongfood/.nxp/SDKs/SDK_2_16_000_FRDM-K32L3A6/devices/K32L3A60/drivers/fsl_lpi2c.c.obj
                0x00002ffc                LPI2C_MasterGetDefaultConfig
 .text.LPI2C_MasterInit
                0x00003068      0x1dc CMakeFiles/bubble_cm4.elf.dir/home/strongfood/.nxp/SDKs/SDK_2_16_000_FRDM-K32L3A6/devices/K32L3A60/drivers/fsl_lpi2c.c.obj
                0x00003068                LPI2C_MasterInit
 .text.LPI2C_MasterSetBaudRate
                0x00003244      0x2c4 CMakeFiles/bubble_cm4.elf.dir/home/strongfood/.nxp/SDKs/SDK_2_16_000_FRDM-K32L3A6/devices/K32L3A60/drivers/fsl_lpi2c.c.obj
                0x00003244                LPI2C_MasterSetBaudRate
 .text.LPI2C_MasterStop
                0x00003508       0x62 CMakeFiles/bubble_cm4.elf.dir/home/strongfood/.nxp/SDKs/SDK_2_16_000_FRDM-K32L3A6/devices/K32L3A60/drivers/fsl_lpi2c.c.obj
                0x00003508                LPI2C_MasterStop
 *fill*         0x0000356a        0x2 
 .text.LPI2C_MasterReceive
                0x0000356c       0xe8 CMakeFiles/bubble_cm4.elf.dir/home/strongfood/.nxp/SDKs/SDK_2_16_000_FRDM-K32L3A6/devices/K32L3A60/drivers/fsl_lpi2c.c.obj
                0x0000356c                LPI2C_MasterReceive
 .text.LPI2C_MasterSend
                0x00003654       0x68 CMakeFiles/bubble_cm4.elf.dir/home/strongfood/.nxp/SDKs/SDK_2_16_000_FRDM-K32L3A6/devices/K32L3A60/drivers/fsl_lpi2c.c.obj
                0x00003654                LPI2C_MasterSend
 .text.LPI2C_MasterTransferBlocking
                0x000036bc      0x214 CMakeFiles/bubble_cm4.elf.dir/home/strongfood/.nxp/SDKs/SDK_2_16_000_FRDM-K32L3A6/devices/K32L3A60/drivers/fsl_lpi2c.c.obj
                0x000036bc                LPI2C_MasterTransferBlocking
 .text.LPI2C_CommonIRQHandler
                0x000038d0       0x78 CMakeFiles/bubble_cm4.elf.dir/home/strongfood/.nxp/SDKs/SDK_2_16_000_FRDM-K32L3A6/devices/K32L3A60/drivers/fsl_lpi2c.c.obj
 .text.LPI2C0_DriverIRQHandler
                0x00003948       0x14 CMakeFiles/bubble_cm4.elf.dir/home/strongfood/.nxp/SDKs/SDK_2_16_000_FRDM-K32L3A6/devices/K32L3A60/drivers/fsl_lpi2c.c.obj
                0x00003948                LPI2C0_DriverIRQHandler
 .text.LPI2C1_DriverIRQHandler
                0x0000395c       0x14 CMakeFiles/bubble_cm4.elf.dir/home/strongfood/.nxp/SDKs/SDK_2_16_000_FRDM-K32L3A6/devices/K32L3A60/drivers/fsl_lpi2c.c.obj
                0x0000395c                LPI2C1_DriverIRQHandler
 .text.LPI2C2_DriverIRQHandler
                0x00003970       0x14 CMakeFiles/bubble_cm4.elf.dir/home/strongfood/.nxp/SDKs/SDK_2_16_000_FRDM-K32L3A6/devices/K32L3A60/drivers/fsl_lpi2c.c.obj
                0x00003970                LPI2C2_DriverIRQHandler
 .text.LPI2C3_DriverIRQHandler
                0x00003984       0x14 CMakeFiles/bubble_cm4.elf.dir/home/strongfood/.nxp/SDKs/SDK_2_16_000_FRDM-K32L3A6/devices/K32L3A60/drivers/fsl_lpi2c.c.obj
                0x00003984                LPI2C3_DriverIRQHandler
 .text.CLOCK_EnableClock
                0x00003998       0x40 CMakeFiles/bubble_cm4.elf.dir/home/strongfood/.nxp/SDKs/SDK_2_16_000_FRDM-K32L3A6/devices/K32L3A60/drivers/fsl_lpuart.c.obj
 .text.LPUART_SoftwareReset
                0x000039d8       0x2c CMakeFiles/bubble_cm4.elf.dir/home/strongfood/.nxp/SDKs/SDK_2_16_000_FRDM-K32L3A6/devices/K32L3A60/drivers/fsl_lpuart.c.obj
 .text.LPUART_GetInstance
                0x00003a04       0x58 CMakeFiles/bubble_cm4.elf.dir/home/strongfood/.nxp/SDKs/SDK_2_16_000_FRDM-K32L3A6/devices/K32L3A60/drivers/fsl_lpuart.c.obj
                0x00003a04                LPUART_GetInstance
 .text.LPUART_Init
                0x00003a5c      0x334 CMakeFiles/bubble_cm4.elf.dir/home/strongfood/.nxp/SDKs/SDK_2_16_000_FRDM-K32L3A6/devices/K32L3A60/drivers/fsl_lpuart.c.obj
                0x00003a5c                LPUART_Init
 .text.LPUART_GetDefaultConfig
                0x00003d90       0x98 CMakeFiles/bubble_cm4.elf.dir/home/strongfood/.nxp/SDKs/SDK_2_16_000_FRDM-K32L3A6/devices/K32L3A60/drivers/fsl_lpuart.c.obj
                0x00003d90                LPUART_GetDefaultConfig
 .text.LPUART_GetStatusFlags
                0x00003e28       0x38 CMakeFiles/bubble_cm4.elf.dir/home/strongfood/.nxp/SDKs/SDK_2_16_000_FRDM-K32L3A6/devices/K32L3A60/drivers/fsl_lpuart.c.obj
                0x00003e28                LPUART_GetStatusFlags
 .text.LPUART_ClearStatusFlags
                0x00003e60       0x7c CMakeFiles/bubble_cm4.elf.dir/home/strongfood/.nxp/SDKs/SDK_2_16_000_FRDM-K32L3A6/devices/K32L3A60/drivers/fsl_lpuart.c.obj
                0x00003e60                LPUART_ClearStatusFlags
 .text.LPUART_WriteBlocking
                0x00003edc       0x78 CMakeFiles/bubble_cm4.elf.dir/home/strongfood/.nxp/SDKs/SDK_2_16_000_FRDM-K32L3A6/devices/K32L3A60/drivers/fsl_lpuart.c.obj
                0x00003edc                LPUART_WriteBlocking
 .text.LPUART_ReadBlocking
                0x00003f54      0x170 CMakeFiles/bubble_cm4.elf.dir/home/strongfood/.nxp/SDKs/SDK_2_16_000_FRDM-K32L3A6/devices/K32L3A60/drivers/fsl_lpuart.c.obj
                0x00003f54                LPUART_ReadBlocking
 .text.LPUART0_DriverIRQHandler
                0x000040c4       0x28 CMakeFiles/bubble_cm4.elf.dir/home/strongfood/.nxp/SDKs/SDK_2_16_000_FRDM-K32L3A6/devices/K32L3A60/drivers/fsl_lpuart.c.obj
                0x000040c4                LPUART0_DriverIRQHandler
 .text.LPUART1_DriverIRQHandler
                0x000040ec       0x28 CMakeFiles/bubble_cm4.elf.dir/home/strongfood/.nxp/SDKs/SDK_2_16_000_FRDM-K32L3A6/devices/K32L3A60/drivers/fsl_lpuart.c.obj
                0x000040ec                LPUART1_DriverIRQHandler
 .text.LPUART2_DriverIRQHandler
                0x00004114       0x28 CMakeFiles/bubble_cm4.elf.dir/home/strongfood/.nxp/SDKs/SDK_2_16_000_FRDM-K32L3A6/devices/K32L3A60/drivers/fsl_lpuart.c.obj
                0x00004114                LPUART2_DriverIRQHandler
 .text.LPUART3_DriverIRQHandler
                0x0000413c       0x28 CMakeFiles/bubble_cm4.elf.dir/home/strongfood/.nxp/SDKs/SDK_2_16_000_FRDM-K32L3A6/devices/K32L3A60/drivers/fsl_lpuart.c.obj
                0x0000413c                LPUART3_DriverIRQHandler
 .text.CLOCK_EnableClock
                0x00004164       0x40 CMakeFiles/bubble_cm4.elf.dir/home/strongfood/.nxp/SDKs/SDK_2_16_000_FRDM-K32L3A6/devices/K32L3A60/drivers/fsl_tpm.c.obj
 .text.TPM_DisableChannel
                0x000041a4       0x44 CMakeFiles/bubble_cm4.elf.dir/home/strongfood/.nxp/SDKs/SDK_2_16_000_FRDM-K32L3A6/devices/K32L3A60/drivers/fsl_tpm.c.obj
 .text.TPM_EnableChannel
                0x000041e8       0x58 CMakeFiles/bubble_cm4.elf.dir/home/strongfood/.nxp/SDKs/SDK_2_16_000_FRDM-K32L3A6/devices/K32L3A60/drivers/fsl_tpm.c.obj
 .text.TPM_Reset
                0x00004240       0x2c CMakeFiles/bubble_cm4.elf.dir/home/strongfood/.nxp/SDKs/SDK_2_16_000_FRDM-K32L3A6/devices/K32L3A60/drivers/fsl_tpm.c.obj
 .text.TPM_GetInstance
                0x0000426c       0x60 CMakeFiles/bubble_cm4.elf.dir/home/strongfood/.nxp/SDKs/SDK_2_16_000_FRDM-K32L3A6/devices/K32L3A60/drivers/fsl_tpm.c.obj
                0x0000426c                TPM_GetInstance
 .text.TPM_Init
                0x000042cc       0xf4 CMakeFiles/bubble_cm4.elf.dir/home/strongfood/.nxp/SDKs/SDK_2_16_000_FRDM-K32L3A6/devices/K32L3A60/drivers/fsl_tpm.c.obj
                0x000042cc                TPM_Init
 .text.TPM_GetDefaultConfig
                0x000043c0       0x88 CMakeFiles/bubble_cm4.elf.dir/home/strongfood/.nxp/SDKs/SDK_2_16_000_FRDM-K32L3A6/devices/K32L3A60/drivers/fsl_tpm.c.obj
                0x000043c0                TPM_GetDefaultConfig
 .text.TPM_SetupSinglePwmChannel
                0x00004448      0x328 CMakeFiles/bubble_cm4.elf.dir/home/strongfood/.nxp/SDKs/SDK_2_16_000_FRDM-K32L3A6/devices/K32L3A60/drivers/fsl_tpm.c.obj
 .text.TPM_SetupPwm
                0x00004770      0x15c CMakeFiles/bubble_cm4.elf.dir/home/strongfood/.nxp/SDKs/SDK_2_16_000_FRDM-K32L3A6/devices/K32L3A60/drivers/fsl_tpm.c.obj
                0x00004770                TPM_SetupPwm
 .text.TPM_UpdatePwmDutycycle
                0x000048cc      0x21c CMakeFiles/bubble_cm4.elf.dir/home/strongfood/.nxp/SDKs/SDK_2_16_000_FRDM-K32L3A6/devices/K32L3A60/drivers/fsl_tpm.c.obj
                0x000048cc                TPM_UpdatePwmDutycycle
 .text.fsl_assert_hook
                0x00004ae8       0x1a CMakeFiles/bubble_cm4.elf.dir/home/strongfood/.nxp/SDKs/SDK_2_16_000_FRDM-K32L3A6/devices/K32L3A60/utilities/debug_console_lite/fsl_assert.c.obj
                0x00004ae8                fsl_assert_hook
 *fill*         0x00004b02        0x2 
 .text.__assert_func
                0x00004b04       0x30 CMakeFiles/bubble_cm4.elf.dir/home/strongfood/.nxp/SDKs/SDK_2_16_000_FRDM-K32L3A6/devices/K32L3A60/utilities/debug_console_lite/fsl_assert.c.obj
                0x00004b04                __assert_func
 .text.DbgConsole_Init
                0x00004b34       0x88 CMakeFiles/bubble_cm4.elf.dir/home/strongfood/.nxp/SDKs/SDK_2_16_000_FRDM-K32L3A6/devices/K32L3A60/utilities/debug_console_lite/fsl_debug_console.c.obj
                0x00004b34                DbgConsole_Init
 .text.DbgConsole_Printf
                0x00004bbc       0x2c CMakeFiles/bubble_cm4.elf.dir/home/strongfood/.nxp/SDKs/SDK_2_16_000_FRDM-K32L3A6/devices/K32L3A60/utilities/debug_console_lite/fsl_debug_console.c.obj
                0x00004bbc                DbgConsole_Printf
 .text.DbgConsole_Vprintf
                0x00004be8       0x3c CMakeFiles/bubble_cm4.elf.dir/home/strongfood/.nxp/SDKs/SDK_2_16_000_FRDM-K32L3A6/devices/K32L3A60/utilities/debug_console_lite/fsl_debug_console.c.obj
                0x00004be8                DbgConsole_Vprintf
 .text.DbgConsole_Putchar
                0x00004c24       0x30 CMakeFiles/bubble_cm4.elf.dir/home/strongfood/.nxp/SDKs/SDK_2_16_000_FRDM-K32L3A6/devices/K32L3A60/utilities/debug_console_lite/fsl_debug_console.c.obj
                0x00004c24                DbgConsole_Putchar
 .text.DbgConsole_PrintfPaddingCharacter
                0x00004c54       0x40 CMakeFiles/bubble_cm4.elf.dir/home/strongfood/.nxp/SDKs/SDK_2_16_000_FRDM-K32L3A6/devices/K32L3A60/utilities/debug_console_lite/fsl_debug_console.c.obj
 .text.DbgConsole_ConvertRadixNumToString
                0x00004c94      0x2b0 CMakeFiles/bubble_cm4.elf.dir/home/strongfood/.nxp/SDKs/SDK_2_16_000_FRDM-K32L3A6/devices/K32L3A60/utilities/debug_console_lite/fsl_debug_console.c.obj
 .text.DbgConsole_PrintfFormattedData
                0x00004f44      0x9ec CMakeFiles/bubble_cm4.elf.dir/home/strongfood/.nxp/SDKs/SDK_2_16_000_FRDM-K32L3A6/devices/K32L3A60/utilities/debug_console_lite/fsl_debug_console.c.obj
 .text.__udivmoddi4
                0x00005930      0x2bc /home/strongfood/.mcuxpressotools/arm-gnu-toolchain-13.2.Rel1-x86_64-arm-none-eabi/bin/../lib/gcc/arm-none-eabi/13.2.1/thumb/v7e-m+fp/hard/libgcc.a(_udivmoddi4.o)
                0x00005930                __udivmoddi4
 .text.exit     0x00005bec       0x24 /home/strongfood/.mcuxpressotools/arm-gnu-toolchain-13.2.Rel1-x86_64-arm-none-eabi/bin/../lib/gcc/arm-none-eabi/13.2.1/../../../../arm-none-eabi/lib/thumb/v7e-m+fp/hard/libc_nano.a(libc_a-exit.o)
                0x00005bec                exit
 .text.__libc_init_array
                0x00005c10       0x48 /home/strongfood/.mcuxpressotools/arm-gnu-toolchain-13.2.Rel1-x86_64-arm-none-eabi/bin/../lib/gcc/arm-none-eabi/13.2.1/../../../../arm-none-eabi/lib/thumb/v7e-m+fp/hard/libc_nano.a(libc_a-init.o)
                0x00005c10                __libc_init_array
 .text.abs      0x00005c58        0x8 /home/strongfood/.mcuxpressotools/arm-gnu-toolchain-13.2.Rel1-x86_64-arm-none-eabi/bin/../lib/gcc/arm-none-eabi/13.2.1/../../../../arm-none-eabi/lib/thumb/v7e-m+fp/hard/libc_nano.a(libc_a-abs.o)
                0x00005c58                abs
 .text.__errno  0x00005c60        0xc /home/strongfood/.mcuxpressotools/arm-gnu-toolchain-13.2.Rel1-x86_64-arm-none-eabi/bin/../lib/gcc/arm-none-eabi/13.2.1/../../../../arm-none-eabi/lib/thumb/v7e-m+fp/hard/libc_nano.a(libc_a-errno.o)
                0x00005c60                __errno
 .text.memset   0x00005c6c       0x10 /home/strongfood/.mcuxpressotools/arm-gnu-toolchain-13.2.Rel1-x86_64-arm-none-eabi/bin/../lib/gcc/arm-none-eabi/13.2.1/../../../../arm-none-eabi/lib/thumb/v7e-m+fp/hard/libc_nano.a(libc_a-memset.o)
                0x00005c6c                memset
 .text.sqrt     0x00005c7c       0x68 /home/strongfood/.mcuxpressotools/arm-gnu-toolchain-13.2.Rel1-x86_64-arm-none-eabi/bin/../lib/gcc/arm-none-eabi/13.2.1/../../../../arm-none-eabi/lib/thumb/v7e-m+fp/hard/libm.a(libm_a-w_sqrt.o)
                0x00005c7c                sqrt
 .text.__ieee754_sqrt
                0x00005ce4      0x1f4 /home/strongfood/.mcuxpressotools/arm-gnu-toolchain-13.2.Rel1-x86_64-arm-none-eabi/bin/../lib/gcc/arm-none-eabi/13.2.1/../../../../arm-none-eabi/lib/thumb/v7e-m+fp/hard/libm.a(libm_a-e_sqrt.o)
                0x00005ce4                __ieee754_sqrt
 .text.floor    0x00005ed8      0x108 /home/strongfood/.mcuxpressotools/arm-gnu-toolchain-13.2.Rel1-x86_64-arm-none-eabi/bin/../lib/gcc/arm-none-eabi/13.2.1/../../../../arm-none-eabi/lib/thumb/v7e-m+fp/hard/libm.a(libm_a-s_floor.o)
                0x00005ed8                floor
 .text._exit    0x00005fe0        0x2 /home/strongfood/.mcuxpressotools/arm-gnu-toolchain-13.2.Rel1-x86_64-arm-none-eabi/bin/../lib/gcc/arm-none-eabi/13.2.1/../../../../arm-none-eabi/lib/thumb/v7e-m+fp/hard/libcr_newlib_nohost.a(_exit.o)
                0x00005fe0                _exit
 *(.rodata)
 *fill*         0x00005fe2        0x2 
 .rodata        0x00005fe4      0x20d CMakeFiles/bubble_cm4.elf.dir/home/strongfood/Documents/VS_Code/ARM-Development/FRDM-K32L3A6/frdmk32l3a6_bubble_cm4/bubble.c.obj
 *fill*         0x000061f1        0x3 
 .rodata        0x000061f4       0xfb CMakeFiles/bubble_cm4.elf.dir/home/strongfood/Documents/VS_Code/ARM-Development/FRDM-K32L3A6/frdmk32l3a6_bubble_cm4/pin_mux.c.obj
 *fill*         0x000062ef        0x1 
 .rodata        0x000062f0       0x9d CMakeFiles/bubble_cm4.elf.dir/home/strongfood/Documents/VS_Code/ARM-Development/FRDM-K32L3A6/frdmk32l3a6_bubble_cm4/board.c.obj
 *fill*         0x0000638d        0x3 
 .rodata        0x00006390       0x64 CMakeFiles/bubble_cm4.elf.dir/home/strongfood/Documents/VS_Code/ARM-Development/FRDM-K32L3A6/frdmk32l3a6_bubble_cm4/clock_config.c.obj
 .rodata        0x000063f4      0x120 CMakeFiles/bubble_cm4.elf.dir/home/strongfood/.nxp/SDKs/SDK_2_16_000_FRDM-K32L3A6/components/uart/fsl_adapter_lpuart.c.obj
 .rodata        0x00006514      0x14e CMakeFiles/bubble_cm4.elf.dir/home/strongfood/.nxp/SDKs/SDK_2_16_000_FRDM-K32L3A6/devices/K32L3A60/drivers/fsl_clock.c.obj
 *fill*         0x00006662        0x2 
 .rodata        0x00006664       0xb4 CMakeFiles/bubble_cm4.elf.dir/home/strongfood/.nxp/SDKs/SDK_2_16_000_FRDM-K32L3A6/devices/K32L3A60/drivers/fsl_common_arm.c.obj
 .rodata        0x00006718       0xa8 CMakeFiles/bubble_cm4.elf.dir/home/strongfood/.nxp/SDKs/SDK_2_16_000_FRDM-K32L3A6/components/fxos8700cq/fsl_fxos.c.obj
 .rodata        0x000067c0       0x8f CMakeFiles/bubble_cm4.elf.dir/home/strongfood/.nxp/SDKs/SDK_2_16_000_FRDM-K32L3A6/devices/K32L3A60/drivers/fsl_gpio.c.obj
 *fill*         0x0000684f        0x1 
 .rodata        0x00006850      0x216 CMakeFiles/bubble_cm4.elf.dir/home/strongfood/.nxp/SDKs/SDK_2_16_000_FRDM-K32L3A6/devices/K32L3A60/drivers/fsl_lpi2c.c.obj
 *fill*         0x00006a66        0x2 
 .rodata        0x00006a68      0x2aa CMakeFiles/bubble_cm4.elf.dir/home/strongfood/.nxp/SDKs/SDK_2_16_000_FRDM-K32L3A6/devices/K32L3A60/drivers/fsl_lpuart.c.obj
 *fill*         0x00006d12        0x2 
 .rodata        0x00006d14      0x2f0 CMakeFiles/bubble_cm4.elf.dir/home/strongfood/.nxp/SDKs/SDK_2_16_000_FRDM-K32L3A6/devices/K32L3A60/drivers/fsl_tpm.c.obj
 .rodata        0x00007004       0x3e CMakeFiles/bubble_cm4.elf.dir/home/strongfood/.nxp/SDKs/SDK_2_16_000_FRDM-K32L3A6/devices/K32L3A60/utilities/debug_console_lite/fsl_assert.c.obj
 *(.rodata*)
 *fill*         0x00007042        0x2 
 .rodata.g_accel_address
                0x00007044        0x4 CMakeFiles/bubble_cm4.elf.dir/home/strongfood/Documents/VS_Code/ARM-Development/FRDM-K32L3A6/frdmk32l3a6_bubble_cm4/bubble.c.obj
                0x00007044                g_accel_address
 .rodata.__func__.2
                0x00007048       0x12 CMakeFiles/bubble_cm4.elf.dir/home/strongfood/Documents/VS_Code/ARM-Development/FRDM-K32L3A6/frdmk32l3a6_bubble_cm4/bubble.c.obj
 *fill*         0x0000705a        0x2 
 .rodata.__func__.1
                0x0000705c       0x12 CMakeFiles/bubble_cm4.elf.dir/home/strongfood/Documents/VS_Code/ARM-Development/FRDM-K32L3A6/frdmk32l3a6_bubble_cm4/bubble.c.obj
 *fill*         0x0000706e        0x2 
 .rodata.__func__.0
                0x00007070        0xf CMakeFiles/bubble_cm4.elf.dir/home/strongfood/Documents/VS_Code/ARM-Development/FRDM-K32L3A6/frdmk32l3a6_bubble_cm4/bubble.c.obj
 *fill*         0x0000707f        0x1 
 .rodata.__func__.1
                0x00007080       0x12 CMakeFiles/bubble_cm4.elf.dir/home/strongfood/Documents/VS_Code/ARM-Development/FRDM-K32L3A6/frdmk32l3a6_bubble_cm4/pin_mux.c.obj
 *fill*         0x00007092        0x2 
 .rodata.__func__.0
                0x00007094       0x12 CMakeFiles/bubble_cm4.elf.dir/home/strongfood/Documents/VS_Code/ARM-Development/FRDM-K32L3A6/frdmk32l3a6_bubble_cm4/pin_mux.c.obj
 *fill*         0x000070a6        0x2 
 .rodata.__func__.0
                0x000070a8        0xf CMakeFiles/bubble_cm4.elf.dir/home/strongfood/Documents/VS_Code/ARM-Development/FRDM-K32L3A6/frdmk32l3a6_bubble_cm4/board.c.obj
 *fill*         0x000070b7        0x1 
 .rodata.g_sysClkConfig_BOARD_BootClockRUN
                0x000070b8        0x4 CMakeFiles/bubble_cm4.elf.dir/home/strongfood/Documents/VS_Code/ARM-Development/FRDM-K32L3A6/frdmk32l3a6_bubble_cm4/clock_config.c.obj
                0x000070b8                g_sysClkConfig_BOARD_BootClockRUN
 .rodata.g_scgSircConfig_BOARD_BootClockRUN
                0x000070bc        0x8 CMakeFiles/bubble_cm4.elf.dir/home/strongfood/Documents/VS_Code/ARM-Development/FRDM-K32L3A6/frdmk32l3a6_bubble_cm4/clock_config.c.obj
                0x000070bc                g_scgSircConfig_BOARD_BootClockRUN
 .rodata.g_scgFircConfig_BOARD_BootClockRUN
                0x000070c4        0xc CMakeFiles/bubble_cm4.elf.dir/home/strongfood/Documents/VS_Code/ARM-Development/FRDM-K32L3A6/frdmk32l3a6_bubble_cm4/clock_config.c.obj
                0x000070c4                g_scgFircConfig_BOARD_BootClockRUN
 .rodata.g_scgLpFllConfig_BOARD_BootClockRUN
                0x000070d0        0xc CMakeFiles/bubble_cm4.elf.dir/home/strongfood/Documents/VS_Code/ARM-Development/FRDM-K32L3A6/frdmk32l3a6_bubble_cm4/clock_config.c.obj
                0x000070d0                g_scgLpFllConfig_BOARD_BootClockRUN
 .rodata.__func__.3
                0x000070dc       0x1d CMakeFiles/bubble_cm4.elf.dir/home/strongfood/Documents/VS_Code/ARM-Development/FRDM-K32L3A6/frdmk32l3a6_bubble_cm4/clock_config.c.obj
 *fill*         0x000070f9        0x3 
 .rodata.__func__.2
                0x000070fc       0x19 CMakeFiles/bubble_cm4.elf.dir/home/strongfood/Documents/VS_Code/ARM-Development/FRDM-K32L3A6/frdmk32l3a6_bubble_cm4/clock_config.c.obj
 *fill*         0x00007115        0x3 
 .rodata.s_LpuartAdapterBase
                0x00007118       0x10 CMakeFiles/bubble_cm4.elf.dir/home/strongfood/.nxp/SDKs/SDK_2_16_000_FRDM-K32L3A6/components/uart/fsl_adapter_lpuart.c.obj
 .rodata.__func__.4
                0x00007128        0xd CMakeFiles/bubble_cm4.elf.dir/home/strongfood/.nxp/SDKs/SDK_2_16_000_FRDM-K32L3A6/components/uart/fsl_adapter_lpuart.c.obj
 *fill*         0x00007135        0x3 
 .rodata.__func__.2
                0x00007138       0x18 CMakeFiles/bubble_cm4.elf.dir/home/strongfood/.nxp/SDKs/SDK_2_16_000_FRDM-K32L3A6/components/uart/fsl_adapter_lpuart.c.obj
 .rodata.__func__.1
                0x00007150       0x15 CMakeFiles/bubble_cm4.elf.dir/home/strongfood/.nxp/SDKs/SDK_2_16_000_FRDM-K32L3A6/components/uart/fsl_adapter_lpuart.c.obj
 *fill*         0x00007165        0x3 
 .rodata.__func__.10
                0x00007168       0x10 CMakeFiles/bubble_cm4.elf.dir/home/strongfood/.nxp/SDKs/SDK_2_16_000_FRDM-K32L3A6/devices/K32L3A60/drivers/fsl_clock.c.obj
 .rodata.__func__.6
                0x00007178        0xf CMakeFiles/bubble_cm4.elf.dir/home/strongfood/.nxp/SDKs/SDK_2_16_000_FRDM-K32L3A6/devices/K32L3A60/drivers/fsl_clock.c.obj
 *fill*         0x00007187        0x1 
 .rodata.sircFreq.5
                0x00007188        0x8 CMakeFiles/bubble_cm4.elf.dir/home/strongfood/.nxp/SDKs/SDK_2_16_000_FRDM-K32L3A6/devices/K32L3A60/drivers/fsl_clock.c.obj
 .rodata.__func__.4
                0x00007190        0xf CMakeFiles/bubble_cm4.elf.dir/home/strongfood/.nxp/SDKs/SDK_2_16_000_FRDM-K32L3A6/devices/K32L3A60/drivers/fsl_clock.c.obj
 *fill*         0x0000719f        0x1 
 .rodata.fircFreq.3
                0x000071a0       0x10 CMakeFiles/bubble_cm4.elf.dir/home/strongfood/.nxp/SDKs/SDK_2_16_000_FRDM-K32L3A6/devices/K32L3A60/drivers/fsl_clock.c.obj
 .rodata.__func__.1
                0x000071b0       0x10 CMakeFiles/bubble_cm4.elf.dir/home/strongfood/.nxp/SDKs/SDK_2_16_000_FRDM-K32L3A6/devices/K32L3A60/drivers/fsl_clock.c.obj
 .rodata.lpfllFreq.0
                0x000071c0       0x10 CMakeFiles/bubble_cm4.elf.dir/home/strongfood/.nxp/SDKs/SDK_2_16_000_FRDM-K32L3A6/devices/K32L3A60/drivers/fsl_clock.c.obj
 .rodata.__func__.0
                0x000071d0       0x13 CMakeFiles/bubble_cm4.elf.dir/home/strongfood/.nxp/SDKs/SDK_2_16_000_FRDM-K32L3A6/devices/K32L3A60/drivers/fsl_common_arm.c.obj
 *fill*         0x000071e3        0x1 
 .rodata.__func__.2
                0x000071e4        0xa CMakeFiles/bubble_cm4.elf.dir/home/strongfood/.nxp/SDKs/SDK_2_16_000_FRDM-K32L3A6/components/fxos8700cq/fsl_fxos.c.obj
 *fill*         0x000071ee        0x2 
 .rodata.__func__.1
                0x000071f0        0xd CMakeFiles/bubble_cm4.elf.dir/home/strongfood/.nxp/SDKs/SDK_2_16_000_FRDM-K32L3A6/components/fxos8700cq/fsl_fxos.c.obj
 *fill*         0x000071fd        0x3 
 .rodata.__func__.0
                0x00007200        0xe CMakeFiles/bubble_cm4.elf.dir/home/strongfood/.nxp/SDKs/SDK_2_16_000_FRDM-K32L3A6/components/fxos8700cq/fsl_fxos.c.obj
 *fill*         0x0000720e        0x2 
 .rodata.__func__.0
                0x00007210        0xd CMakeFiles/bubble_cm4.elf.dir/home/strongfood/.nxp/SDKs/SDK_2_16_000_FRDM-K32L3A6/devices/K32L3A60/drivers/fsl_gpio.c.obj
 *fill*         0x0000721d        0x3 
 .rodata.kLpi2cBases
                0x00007220       0x10 CMakeFiles/bubble_cm4.elf.dir/home/strongfood/.nxp/SDKs/SDK_2_16_000_FRDM-K32L3A6/devices/K32L3A60/drivers/fsl_lpi2c.c.obj
 .rodata.kLpi2cClocks
                0x00007230       0x10 CMakeFiles/bubble_cm4.elf.dir/home/strongfood/.nxp/SDKs/SDK_2_16_000_FRDM-K32L3A6/devices/K32L3A60/drivers/fsl_lpi2c.c.obj
 .rodata.__func__.22
                0x00007240       0x12 CMakeFiles/bubble_cm4.elf.dir/home/strongfood/.nxp/SDKs/SDK_2_16_000_FRDM-K32L3A6/devices/K32L3A60/drivers/fsl_lpi2c.c.obj
 *fill*         0x00007252        0x2 
 .rodata.__func__.21
                0x00007254       0x18 CMakeFiles/bubble_cm4.elf.dir/home/strongfood/.nxp/SDKs/SDK_2_16_000_FRDM-K32L3A6/devices/K32L3A60/drivers/fsl_lpi2c.c.obj
 .rodata.__func__.20
                0x0000726c       0x12 CMakeFiles/bubble_cm4.elf.dir/home/strongfood/.nxp/SDKs/SDK_2_16_000_FRDM-K32L3A6/devices/K32L3A60/drivers/fsl_lpi2c.c.obj
 *fill*         0x0000727e        0x2 
 .rodata.__func__.18
                0x00007280       0x14 CMakeFiles/bubble_cm4.elf.dir/home/strongfood/.nxp/SDKs/SDK_2_16_000_FRDM-K32L3A6/devices/K32L3A60/drivers/fsl_lpi2c.c.obj
 .rodata.__func__.17
                0x00007294       0x11 CMakeFiles/bubble_cm4.elf.dir/home/strongfood/.nxp/SDKs/SDK_2_16_000_FRDM-K32L3A6/devices/K32L3A60/drivers/fsl_lpi2c.c.obj
 *fill*         0x000072a5        0x3 
 .rodata.__func__.16
                0x000072a8       0x1d CMakeFiles/bubble_cm4.elf.dir/home/strongfood/.nxp/SDKs/SDK_2_16_000_FRDM-K32L3A6/devices/K32L3A60/drivers/fsl_lpi2c.c.obj
 *fill*         0x000072c5        0x3 
 .rodata.s_lpuartBases
                0x000072c8       0x10 CMakeFiles/bubble_cm4.elf.dir/home/strongfood/.nxp/SDKs/SDK_2_16_000_FRDM-K32L3A6/devices/K32L3A60/drivers/fsl_lpuart.c.obj
 .rodata.s_lpuartClock
                0x000072d8       0x10 CMakeFiles/bubble_cm4.elf.dir/home/strongfood/.nxp/SDKs/SDK_2_16_000_FRDM-K32L3A6/devices/K32L3A60/drivers/fsl_lpuart.c.obj
 .rodata.__func__.27
                0x000072e8       0x13 CMakeFiles/bubble_cm4.elf.dir/home/strongfood/.nxp/SDKs/SDK_2_16_000_FRDM-K32L3A6/devices/K32L3A60/drivers/fsl_lpuart.c.obj
 *fill*         0x000072fb        0x1 
 .rodata.__func__.20
                0x000072fc        0xc CMakeFiles/bubble_cm4.elf.dir/home/strongfood/.nxp/SDKs/SDK_2_16_000_FRDM-K32L3A6/devices/K32L3A60/drivers/fsl_lpuart.c.obj
 .rodata.__func__.19
                0x00007308       0x12 CMakeFiles/bubble_cm4.elf.dir/home/strongfood/.nxp/SDKs/SDK_2_16_000_FRDM-K32L3A6/devices/K32L3A60/drivers/fsl_lpuart.c.obj
 *fill*         0x0000731a        0x2 
 .rodata.__func__.17
                0x0000731c       0x18 CMakeFiles/bubble_cm4.elf.dir/home/strongfood/.nxp/SDKs/SDK_2_16_000_FRDM-K32L3A6/devices/K32L3A60/drivers/fsl_lpuart.c.obj
 .rodata.__func__.13
                0x00007334       0x15 CMakeFiles/bubble_cm4.elf.dir/home/strongfood/.nxp/SDKs/SDK_2_16_000_FRDM-K32L3A6/devices/K32L3A60/drivers/fsl_lpuart.c.obj
 *fill*         0x00007349        0x3 
 .rodata.__func__.11
                0x0000734c       0x14 CMakeFiles/bubble_cm4.elf.dir/home/strongfood/.nxp/SDKs/SDK_2_16_000_FRDM-K32L3A6/devices/K32L3A60/drivers/fsl_lpuart.c.obj
 .rodata.s_tpmBases
                0x00007360       0x10 CMakeFiles/bubble_cm4.elf.dir/home/strongfood/.nxp/SDKs/SDK_2_16_000_FRDM-K32L3A6/devices/K32L3A60/drivers/fsl_tpm.c.obj
 .rodata.s_tpmClocks
                0x00007370       0x10 CMakeFiles/bubble_cm4.elf.dir/home/strongfood/.nxp/SDKs/SDK_2_16_000_FRDM-K32L3A6/devices/K32L3A60/drivers/fsl_tpm.c.obj
 .rodata.__func__.12
                0x00007380       0x10 CMakeFiles/bubble_cm4.elf.dir/home/strongfood/.nxp/SDKs/SDK_2_16_000_FRDM-K32L3A6/devices/K32L3A60/drivers/fsl_tpm.c.obj
 .rodata.__func__.11
                0x00007390        0x9 CMakeFiles/bubble_cm4.elf.dir/home/strongfood/.nxp/SDKs/SDK_2_16_000_FRDM-K32L3A6/devices/K32L3A60/drivers/fsl_tpm.c.obj
 *fill*         0x00007399        0x3 
 .rodata.__func__.10
                0x0000739c       0x12 CMakeFiles/bubble_cm4.elf.dir/home/strongfood/.nxp/SDKs/SDK_2_16_000_FRDM-K32L3A6/devices/K32L3A60/drivers/fsl_tpm.c.obj
 *fill*         0x000073ae        0x2 
 .rodata.__func__.8
                0x000073b0       0x15 CMakeFiles/bubble_cm4.elf.dir/home/strongfood/.nxp/SDKs/SDK_2_16_000_FRDM-K32L3A6/devices/K32L3A60/drivers/fsl_tpm.c.obj
 *fill*         0x000073c5        0x3 
 .rodata.__func__.6
                0x000073c8        0xd CMakeFiles/bubble_cm4.elf.dir/home/strongfood/.nxp/SDKs/SDK_2_16_000_FRDM-K32L3A6/devices/K32L3A60/drivers/fsl_tpm.c.obj
 *fill*         0x000073d5        0x3 
 .rodata.tiny   0x000073d8        0x8 /home/strongfood/.mcuxpressotools/arm-gnu-toolchain-13.2.Rel1-x86_64-arm-none-eabi/bin/../lib/gcc/arm-none-eabi/13.2.1/../../../../arm-none-eabi/lib/thumb/v7e-m+fp/hard/libm.a(libm_a-e_sqrt.o)
 .rodata.one    0x000073e0        0x8 /home/strongfood/.mcuxpressotools/arm-gnu-toolchain-13.2.Rel1-x86_64-arm-none-eabi/bin/../lib/gcc/arm-none-eabi/13.2.1/../../../../arm-none-eabi/lib/thumb/v7e-m+fp/hard/libm.a(libm_a-e_sqrt.o)
 *(.glue_7)
 .glue_7        0x000073e8        0x0 linker stubs
 *(.glue_7t)
 .glue_7t       0x000073e8        0x0 linker stubs
 *(.eh_frame)
 .eh_frame      0x000073e8        0x0 /home/strongfood/.mcuxpressotools/arm-gnu-toolchain-13.2.Rel1-x86_64-arm-none-eabi/bin/../lib/gcc/arm-none-eabi/13.2.1/thumb/v7e-m+fp/hard/crtbegin.o
 *(.init)
 .init          0x000073e8        0x4 /home/strongfood/.mcuxpressotools/arm-gnu-toolchain-13.2.Rel1-x86_64-arm-none-eabi/bin/../lib/gcc/arm-none-eabi/13.2.1/thumb/v7e-m+fp/hard/crti.o
                0x000073e8                _init
 .init          0x000073ec        0x8 /home/strongfood/.mcuxpressotools/arm-gnu-toolchain-13.2.Rel1-x86_64-arm-none-eabi/bin/../lib/gcc/arm-none-eabi/13.2.1/thumb/v7e-m+fp/hard/crtn.o
 *(.fini)
 .fini          0x000073f4        0x4 /home/strongfood/.mcuxpressotools/arm-gnu-toolchain-13.2.Rel1-x86_64-arm-none-eabi/bin/../lib/gcc/arm-none-eabi/13.2.1/thumb/v7e-m+fp/hard/crti.o
                0x000073f4                _fini
 .fini          0x000073f8        0x8 /home/strongfood/.mcuxpressotools/arm-gnu-toolchain-13.2.Rel1-x86_64-arm-none-eabi/bin/../lib/gcc/arm-none-eabi/13.2.1/thumb/v7e-m+fp/hard/crtn.o
                0x00007400                        . = ALIGN (0x4)

.vfp11_veneer   0x00007400        0x0
 .vfp11_veneer  0x00007400        0x0 linker stubs

.v4_bx          0x00007400        0x0
 .v4_bx         0x00007400        0x0 linker stubs

.iplt           0x00007400        0x0
 .iplt          0x00007400        0x0 /home/strongfood/.mcuxpressotools/arm-gnu-toolchain-13.2.Rel1-x86_64-arm-none-eabi/bin/../lib/gcc/arm-none-eabi/13.2.1/thumb/v7e-m+fp/hard/crtbegin.o

.ARM.extab
 *(.ARM.extab* .gnu.linkonce.armextab.*)

.ARM            0x00007400        0x8
                0x00007400                        __exidx_start = .
 *(.ARM.exidx*)
 .ARM.exidx     0x00007400        0x8 /home/strongfood/.mcuxpressotools/arm-gnu-toolchain-13.2.Rel1-x86_64-arm-none-eabi/bin/../lib/gcc/arm-none-eabi/13.2.1/../../../../arm-none-eabi/lib/thumb/v7e-m+fp/hard/crt0.o
                                 0x10 (size before relaxing)
 .ARM.exidx     0x00007408        0x0 /home/strongfood/.mcuxpressotools/arm-gnu-toolchain-13.2.Rel1-x86_64-arm-none-eabi/bin/../lib/gcc/arm-none-eabi/13.2.1/../../../../arm-none-eabi/lib/thumb/v7e-m+fp/hard/libc_nano.a(libc_a-strlen.o)
                                  0x8 (size before relaxing)
 .ARM.exidx.text.__udivmoddi4
                0x00007408        0x0 /home/strongfood/.mcuxpressotools/arm-gnu-toolchain-13.2.Rel1-x86_64-arm-none-eabi/bin/../lib/gcc/arm-none-eabi/13.2.1/thumb/v7e-m+fp/hard/libgcc.a(_udivmoddi4.o)
                                  0x8 (size before relaxing)
                0x00007408                        __exidx_end = .

.rel.dyn        0x00007408        0x0
 .rel.iplt      0x00007408        0x0 /home/strongfood/.mcuxpressotools/arm-gnu-toolchain-13.2.Rel1-x86_64-arm-none-eabi/bin/../lib/gcc/arm-none-eabi/13.2.1/thumb/v7e-m+fp/hard/crtbegin.o

.ctors          0x00007408        0x0
                0x00007408                        __CTOR_LIST__ = .
 *crtbegin.o(.ctors)
 *crtbegin?.o(.ctors)
 *(EXCLUDE_FILE(*crtend.o *crtend?.o) .ctors)
 *(SORT_BY_NAME(.ctors.*))
 *(.ctors)
                0x00007408                        __CTOR_END__ = .

.dtors          0x00007408        0x0
                0x00007408                        __DTOR_LIST__ = .
 *crtbegin.o(.dtors)
 *crtbegin?.o(.dtors)
 *(EXCLUDE_FILE(*crtend.o *crtend?.o) .dtors)
 *(SORT_BY_NAME(.dtors.*))
 *(.dtors)
                0x00007408                        __DTOR_END__ = .

.preinit_array  0x00007408        0x0
                0x00007408                        PROVIDE (__preinit_array_start = .)
 *(.preinit_array*)
                0x00007408                        PROVIDE (__preinit_array_end = .)

.init_array     0x00007408        0x4
                0x00007408                        PROVIDE (__init_array_start = .)
 *(SORT_BY_NAME(.init_array.*))
 *(.init_array*)
 .init_array    0x00007408        0x4 /home/strongfood/.mcuxpressotools/arm-gnu-toolchain-13.2.Rel1-x86_64-arm-none-eabi/bin/../lib/gcc/arm-none-eabi/13.2.1/thumb/v7e-m+fp/hard/crtbegin.o
                0x0000740c                        PROVIDE (__init_array_end = .)

.fini_array     0x0000740c        0x4
                [!provide]                        PROVIDE (__fini_array_start = .)
 *(SORT_BY_NAME(.fini_array.*))
 *(.fini_array*)
 .fini_array    0x0000740c        0x4 /home/strongfood/.mcuxpressotools/arm-gnu-toolchain-13.2.Rel1-x86_64-arm-none-eabi/bin/../lib/gcc/arm-none-eabi/13.2.1/thumb/v7e-m+fp/hard/crtbegin.o
                [!provide]                        PROVIDE (__fini_array_end = .)
                0x00007410                        __etext = .
                0x00007410                        __DATA_ROM = .

.data           0x20000000       0x54 load address 0x00007410
                0x20000000                        . = ALIGN (0x4)
                0x20000000                        __DATA_RAM = .
                0x20000000                        __data_start__ = .
 *(.data)
 *(.data*)
 .data.SystemCoreClock
                0x20000000        0x4 CMakeFiles/bubble_cm4.elf.dir/home/strongfood/.nxp/SDKs/SDK_2_16_000_FRDM-K32L3A6/devices/K32L3A60/system_K32L3A60_cm4.c.obj
                0x20000000                SystemCoreClock
 .data._impure_ptr
                0x20000004        0x4 /home/strongfood/.mcuxpressotools/arm-gnu-toolchain-13.2.Rel1-x86_64-arm-none-eabi/bin/../lib/gcc/arm-none-eabi/13.2.1/../../../../arm-none-eabi/lib/thumb/v7e-m+fp/hard/libc_nano.a(libc_a-impure.o)
                0x20000004                _impure_ptr
 .data._impure_data
                0x20000008       0x4c /home/strongfood/.mcuxpressotools/arm-gnu-toolchain-13.2.Rel1-x86_64-arm-none-eabi/bin/../lib/gcc/arm-none-eabi/13.2.1/../../../../arm-none-eabi/lib/thumb/v7e-m+fp/hard/libc_nano.a(libc_a-impure.o)
                0x20000008                _impure_data
 *(NonCacheable.init)
 *(NonCacheable)
 *(CodeQuickAccess)
 *(DataQuickAccess)
 *(.jcr*)
                0x20000054                        . = ALIGN (0x4)
                0x20000054                        __data_end__ = .
                0x00007464                        __DATA_END = (__DATA_ROM + (__data_end__ - __data_start__))
                0x00100000                        text_end = (ORIGIN (m_text) + LENGTH (m_text))
                0x00000001                        ASSERT ((__DATA_END <= text_end), region m_text overflowed with text and data)

.tm_clone_table
                0x20000054        0x0 load address 0x00007464
 .tm_clone_table
                0x20000054        0x0 /home/strongfood/.mcuxpressotools/arm-gnu-toolchain-13.2.Rel1-x86_64-arm-none-eabi/bin/../lib/gcc/arm-none-eabi/13.2.1/thumb/v7e-m+fp/hard/crtbegin.o
 .tm_clone_table
                0x20000054        0x0 /home/strongfood/.mcuxpressotools/arm-gnu-toolchain-13.2.Rel1-x86_64-arm-none-eabi/bin/../lib/gcc/arm-none-eabi/13.2.1/thumb/v7e-m+fp/hard/crtend.o

.igot.plt       0x20000054        0x0 load address 0x00007464
 .igot.plt      0x20000054        0x0 /home/strongfood/.mcuxpressotools/arm-gnu-toolchain-13.2.Rel1-x86_64-arm-none-eabi/bin/../lib/gcc/arm-none-eabi/13.2.1/thumb/v7e-m+fp/hard/crtbegin.o

.bss            0x20000054      0x1b4 load address 0x00007464
                0x20000054                        . = ALIGN (0x4)
                0x20000054                        __START_BSS = .
                0x20000054                        __bss_start__ = .
 *(.bss)
 *(.bss*)
 .bss.completed.1
                0x20000054        0x1 /home/strongfood/.mcuxpressotools/arm-gnu-toolchain-13.2.Rel1-x86_64-arm-none-eabi/bin/../lib/gcc/arm-none-eabi/13.2.1/thumb/v7e-m+fp/hard/crtbegin.o
 *fill*         0x20000055        0x3 
 .bss.object.0  0x20000058       0x18 /home/strongfood/.mcuxpressotools/arm-gnu-toolchain-13.2.Rel1-x86_64-arm-none-eabi/bin/../lib/gcc/arm-none-eabi/13.2.1/thumb/v7e-m+fp/hard/crtbegin.o
 .bss.s_lpi2cMasterIsr
                0x20000070        0x4 CMakeFiles/bubble_cm4.elf.dir/home/strongfood/.nxp/SDKs/SDK_2_16_000_FRDM-K32L3A6/devices/K32L3A60/drivers/fsl_lpi2c.c.obj
                0x20000070                s_lpi2cMasterIsr
 .bss.s_lpi2cMasterHandle
                0x20000074       0x10 CMakeFiles/bubble_cm4.elf.dir/home/strongfood/.nxp/SDKs/SDK_2_16_000_FRDM-K32L3A6/devices/K32L3A60/drivers/fsl_lpi2c.c.obj
                0x20000074                s_lpi2cMasterHandle
 .bss.s_lpi2cSlaveIsr
                0x20000084        0x4 CMakeFiles/bubble_cm4.elf.dir/home/strongfood/.nxp/SDKs/SDK_2_16_000_FRDM-K32L3A6/devices/K32L3A60/drivers/fsl_lpi2c.c.obj
 .bss.s_lpi2cSlaveHandle
                0x20000088       0x10 CMakeFiles/bubble_cm4.elf.dir/home/strongfood/.nxp/SDKs/SDK_2_16_000_FRDM-K32L3A6/devices/K32L3A60/drivers/fsl_lpi2c.c.obj
 .bss.s_lpuartHandle
                0x20000098       0x10 CMakeFiles/bubble_cm4.elf.dir/home/strongfood/.nxp/SDKs/SDK_2_16_000_FRDM-K32L3A6/devices/K32L3A60/drivers/fsl_lpuart.c.obj
                0x20000098                s_lpuartHandle
 .bss.s_lpuartIsr
                0x200000a8       0x10 CMakeFiles/bubble_cm4.elf.dir/home/strongfood/.nxp/SDKs/SDK_2_16_000_FRDM-K32L3A6/devices/K32L3A60/drivers/fsl_lpuart.c.obj
                0x200000a8                s_lpuartIsr
 .bss.s_debugConsole
                0x200000b8       0x14 CMakeFiles/bubble_cm4.elf.dir/home/strongfood/.nxp/SDKs/SDK_2_16_000_FRDM-K32L3A6/devices/K32L3A60/utilities/debug_console_lite/fsl_debug_console.c.obj
 .bss.__sf      0x200000cc      0x138 /home/strongfood/.mcuxpressotools/arm-gnu-toolchain-13.2.Rel1-x86_64-arm-none-eabi/bin/../lib/gcc/arm-none-eabi/13.2.1/../../../../arm-none-eabi/lib/thumb/v7e-m+fp/hard/libc_nano.a(libc_a-findfp.o)
                0x200000cc                __sf
 .bss.__stdio_exit_handler
                0x20000204        0x4 /home/strongfood/.mcuxpressotools/arm-gnu-toolchain-13.2.Rel1-x86_64-arm-none-eabi/bin/../lib/gcc/arm-none-eabi/13.2.1/../../../../arm-none-eabi/lib/thumb/v7e-m+fp/hard/libc_nano.a(libc_a-findfp.o)
                0x20000204                __stdio_exit_handler
 *(COMMON)
                0x20000208                        . = ALIGN (0x4)
                0x20000208                        __bss_end__ = .
                0x20000208                        __END_BSS = .

.heap           0x20000208      0x400 load address 0x00007618
                0x20000208                        . = ALIGN (0x8)
                0x20000208                        __end__ = .
                0x20000208                        PROVIDE (end = .)
                0x20000208                        __HeapBase = .
                0x20000608                        . = (. + HEAP_SIZE)
 *fill*         0x20000208      0x400 
                0x20000608                        __HeapLimit = .
                0x20000608                        __heap_limit = .

.stack          0x20000608      0x400 load address 0x00007a18
                0x20000608                        . = ALIGN (0x8)
                0x20000a08                        . = (. + STACK_SIZE)
 *fill*         0x20000608      0x400 

m_usb_bdt       0x48010000        0x0
                0x48010000                        . = ALIGN (0x200)
 *(m_usb_bdt)

m_usb_global
 *(m_usb_global)
                0x20030000                        __StackTop = (ORIGIN (m_data) + LENGTH (m_data))
                0x2002fc00                        __StackLimit = (__StackTop - STACK_SIZE)
                0x20030000                        PROVIDE (__stack = __StackTop)

.ARM.attributes
                0x00000000       0x30
 *(.ARM.attributes)
 .ARM.attributes
                0x00000000       0x22 /home/strongfood/.mcuxpressotools/arm-gnu-toolchain-13.2.Rel1-x86_64-arm-none-eabi/bin/../lib/gcc/arm-none-eabi/13.2.1/thumb/v7e-m+fp/hard/crti.o
 .ARM.attributes
                0x00000022       0x34 /home/strongfood/.mcuxpressotools/arm-gnu-toolchain-13.2.Rel1-x86_64-arm-none-eabi/bin/../lib/gcc/arm-none-eabi/13.2.1/thumb/v7e-m+fp/hard/crtbegin.o
 .ARM.attributes
                0x00000056       0x20 /home/strongfood/.mcuxpressotools/arm-gnu-toolchain-13.2.Rel1-x86_64-arm-none-eabi/bin/../lib/gcc/arm-none-eabi/13.2.1/../../../../arm-none-eabi/lib/thumb/v7e-m+fp/hard/crt0.o
 .ARM.attributes
                0x00000076       0x34 CMakeFiles/bubble_cm4.elf.dir/home/strongfood/Documents/VS_Code/ARM-Development/FRDM-K32L3A6/frdmk32l3a6_bubble_cm4/bubble.c.obj
 .ARM.attributes
                0x000000aa       0x34 CMakeFiles/bubble_cm4.elf.dir/home/strongfood/Documents/VS_Code/ARM-Development/FRDM-K32L3A6/frdmk32l3a6_bubble_cm4/pin_mux.c.obj
 .ARM.attributes
                0x000000de       0x34 CMakeFiles/bubble_cm4.elf.dir/home/strongfood/Documents/VS_Code/ARM-Development/FRDM-K32L3A6/frdmk32l3a6_bubble_cm4/board.c.obj
 .ARM.attributes
                0x00000112       0x34 CMakeFiles/bubble_cm4.elf.dir/home/strongfood/Documents/VS_Code/ARM-Development/FRDM-K32L3A6/frdmk32l3a6_bubble_cm4/clock_config.c.obj
 .ARM.attributes
                0x00000146       0x34 CMakeFiles/bubble_cm4.elf.dir/home/strongfood/.nxp/SDKs/SDK_2_16_000_FRDM-K32L3A6/components/uart/fsl_adapter_lpuart.c.obj
 .ARM.attributes
                0x0000017a       0x1f CMakeFiles/bubble_cm4.elf.dir/home/strongfood/.nxp/SDKs/SDK_2_16_000_FRDM-K32L3A6/devices/K32L3A60/gcc/startup_K32L3A60_cm4.S.obj
 .ARM.attributes
                0x00000199       0x34 CMakeFiles/bubble_cm4.elf.dir/home/strongfood/.nxp/SDKs/SDK_2_16_000_FRDM-K32L3A6/devices/K32L3A60/system_K32L3A60_cm4.c.obj
 .ARM.attributes
                0x000001cd       0x34 CMakeFiles/bubble_cm4.elf.dir/home/strongfood/.nxp/SDKs/SDK_2_16_000_FRDM-K32L3A6/devices/K32L3A60/drivers/fsl_clock.c.obj
 .ARM.attributes
                0x00000201       0x34 CMakeFiles/bubble_cm4.elf.dir/home/strongfood/.nxp/SDKs/SDK_2_16_000_FRDM-K32L3A6/devices/K32L3A60/drivers/fsl_common_arm.c.obj
 .ARM.attributes
                0x00000235       0x34 CMakeFiles/bubble_cm4.elf.dir/home/strongfood/.nxp/SDKs/SDK_2_16_000_FRDM-K32L3A6/components/fxos8700cq/fsl_fxos.c.obj
 .ARM.attributes
                0x00000269       0x34 CMakeFiles/bubble_cm4.elf.dir/home/strongfood/.nxp/SDKs/SDK_2_16_000_FRDM-K32L3A6/devices/K32L3A60/drivers/fsl_gpio.c.obj
 .ARM.attributes
                0x0000029d       0x34 CMakeFiles/bubble_cm4.elf.dir/home/strongfood/.nxp/SDKs/SDK_2_16_000_FRDM-K32L3A6/devices/K32L3A60/drivers/fsl_lpi2c.c.obj
 .ARM.attributes
                0x000002d1       0x34 CMakeFiles/bubble_cm4.elf.dir/home/strongfood/.nxp/SDKs/SDK_2_16_000_FRDM-K32L3A6/devices/K32L3A60/drivers/fsl_lpuart.c.obj
 .ARM.attributes
                0x00000305       0x34 CMakeFiles/bubble_cm4.elf.dir/home/strongfood/.nxp/SDKs/SDK_2_16_000_FRDM-K32L3A6/devices/K32L3A60/drivers/fsl_tpm.c.obj
 .ARM.attributes
                0x00000339       0x20 CMakeFiles/bubble_cm4.elf.dir/home/strongfood/.nxp/SDKs/SDK_2_16_000_FRDM-K32L3A6/devices/K32L3A60/utilities/fsl_memcpy.S.obj
 .ARM.attributes
                0x00000359       0x34 CMakeFiles/bubble_cm4.elf.dir/home/strongfood/.nxp/SDKs/SDK_2_16_000_FRDM-K32L3A6/devices/K32L3A60/utilities/debug_console_lite/fsl_assert.c.obj
 .ARM.attributes
                0x0000038d       0x34 CMakeFiles/bubble_cm4.elf.dir/home/strongfood/.nxp/SDKs/SDK_2_16_000_FRDM-K32L3A6/devices/K32L3A60/utilities/debug_console_lite/fsl_debug_console.c.obj
 .ARM.attributes
                0x000003c1       0x22 /home/strongfood/.mcuxpressotools/arm-gnu-toolchain-13.2.Rel1-x86_64-arm-none-eabi/bin/../lib/gcc/arm-none-eabi/13.2.1/thumb/v7e-m+fp/hard/libgcc.a(_arm_addsubdf3.o)
 .ARM.attributes
                0x000003e3       0x22 /home/strongfood/.mcuxpressotools/arm-gnu-toolchain-13.2.Rel1-x86_64-arm-none-eabi/bin/../lib/gcc/arm-none-eabi/13.2.1/thumb/v7e-m+fp/hard/libgcc.a(_arm_muldivdf3.o)
 .ARM.attributes
                0x00000405       0x22 /home/strongfood/.mcuxpressotools/arm-gnu-toolchain-13.2.Rel1-x86_64-arm-none-eabi/bin/../lib/gcc/arm-none-eabi/13.2.1/thumb/v7e-m+fp/hard/libgcc.a(_arm_fixdfsi.o)
 .ARM.attributes
                0x00000427       0x22 /home/strongfood/.mcuxpressotools/arm-gnu-toolchain-13.2.Rel1-x86_64-arm-none-eabi/bin/../lib/gcc/arm-none-eabi/13.2.1/thumb/v7e-m+fp/hard/libgcc.a(_aeabi_ldivmod.o)
 .ARM.attributes
                0x00000449       0x22 /home/strongfood/.mcuxpressotools/arm-gnu-toolchain-13.2.Rel1-x86_64-arm-none-eabi/bin/../lib/gcc/arm-none-eabi/13.2.1/thumb/v7e-m+fp/hard/libgcc.a(_aeabi_uldivmod.o)
 .ARM.attributes
                0x0000046b       0x34 /home/strongfood/.mcuxpressotools/arm-gnu-toolchain-13.2.Rel1-x86_64-arm-none-eabi/bin/../lib/gcc/arm-none-eabi/13.2.1/thumb/v7e-m+fp/hard/libgcc.a(_udivmoddi4.o)
 .ARM.attributes
                0x0000049f       0x22 /home/strongfood/.mcuxpressotools/arm-gnu-toolchain-13.2.Rel1-x86_64-arm-none-eabi/bin/../lib/gcc/arm-none-eabi/13.2.1/thumb/v7e-m+fp/hard/libgcc.a(_dvmd_tls.o)
 .ARM.attributes
                0x000004c1       0x34 /home/strongfood/.mcuxpressotools/arm-gnu-toolchain-13.2.Rel1-x86_64-arm-none-eabi/bin/../lib/gcc/arm-none-eabi/13.2.1/../../../../arm-none-eabi/lib/thumb/v7e-m+fp/hard/libc_nano.a(libc_a-exit.o)
 .ARM.attributes
                0x000004f5       0x34 /home/strongfood/.mcuxpressotools/arm-gnu-toolchain-13.2.Rel1-x86_64-arm-none-eabi/bin/../lib/gcc/arm-none-eabi/13.2.1/../../../../arm-none-eabi/lib/thumb/v7e-m+fp/hard/libc_nano.a(libc_a-init.o)
 .ARM.attributes
                0x00000529       0x34 /home/strongfood/.mcuxpressotools/arm-gnu-toolchain-13.2.Rel1-x86_64-arm-none-eabi/bin/../lib/gcc/arm-none-eabi/13.2.1/../../../../arm-none-eabi/lib/thumb/v7e-m+fp/hard/libc_nano.a(libc_a-impure.o)
 .ARM.attributes
                0x0000055d       0x34 /home/strongfood/.mcuxpressotools/arm-gnu-toolchain-13.2.Rel1-x86_64-arm-none-eabi/bin/../lib/gcc/arm-none-eabi/13.2.1/../../../../arm-none-eabi/lib/thumb/v7e-m+fp/hard/libc_nano.a(libc_a-abs.o)
 .ARM.attributes
                0x00000591       0x34 /home/strongfood/.mcuxpressotools/arm-gnu-toolchain-13.2.Rel1-x86_64-arm-none-eabi/bin/../lib/gcc/arm-none-eabi/13.2.1/../../../../arm-none-eabi/lib/thumb/v7e-m+fp/hard/libc_nano.a(libc_a-findfp.o)
 .ARM.attributes
                0x000005c5       0x17 /home/strongfood/.mcuxpressotools/arm-gnu-toolchain-13.2.Rel1-x86_64-arm-none-eabi/bin/../lib/gcc/arm-none-eabi/13.2.1/../../../../arm-none-eabi/lib/thumb/v7e-m+fp/hard/libc_nano.a(libc_a-strlen.o)
 .ARM.attributes
                0x000005dc       0x34 /home/strongfood/.mcuxpressotools/arm-gnu-toolchain-13.2.Rel1-x86_64-arm-none-eabi/bin/../lib/gcc/arm-none-eabi/13.2.1/../../../../arm-none-eabi/lib/thumb/v7e-m+fp/hard/libc_nano.a(libc_a-errno.o)
 .ARM.attributes
                0x00000610       0x34 /home/strongfood/.mcuxpressotools/arm-gnu-toolchain-13.2.Rel1-x86_64-arm-none-eabi/bin/../lib/gcc/arm-none-eabi/13.2.1/../../../../arm-none-eabi/lib/thumb/v7e-m+fp/hard/libc_nano.a(libc_a-memset.o)
 .ARM.attributes
                0x00000644       0x34 /home/strongfood/.mcuxpressotools/arm-gnu-toolchain-13.2.Rel1-x86_64-arm-none-eabi/bin/../lib/gcc/arm-none-eabi/13.2.1/../../../../arm-none-eabi/lib/thumb/v7e-m+fp/hard/libm.a(libm_a-w_sqrt.o)
 .ARM.attributes
                0x00000678       0x34 /home/strongfood/.mcuxpressotools/arm-gnu-toolchain-13.2.Rel1-x86_64-arm-none-eabi/bin/../lib/gcc/arm-none-eabi/13.2.1/../../../../arm-none-eabi/lib/thumb/v7e-m+fp/hard/libm.a(libm_a-e_sqrt.o)
 .ARM.attributes
                0x000006ac       0x34 /home/strongfood/.mcuxpressotools/arm-gnu-toolchain-13.2.Rel1-x86_64-arm-none-eabi/bin/../lib/gcc/arm-none-eabi/13.2.1/../../../../arm-none-eabi/lib/thumb/v7e-m+fp/hard/libm.a(libm_a-s_floor.o)
 .ARM.attributes
                0x000006e0       0x34 /home/strongfood/.mcuxpressotools/arm-gnu-toolchain-13.2.Rel1-x86_64-arm-none-eabi/bin/../lib/gcc/arm-none-eabi/13.2.1/../../../../arm-none-eabi/lib/thumb/v7e-m+fp/hard/libcr_newlib_nohost.a(_exit.o)
 .ARM.attributes
                0x00000714       0x22 /home/strongfood/.mcuxpressotools/arm-gnu-toolchain-13.2.Rel1-x86_64-arm-none-eabi/bin/../lib/gcc/arm-none-eabi/13.2.1/thumb/v7e-m+fp/hard/libgcc.a(_arm_cmpdf2.o)
 .ARM.attributes
                0x00000736       0x22 /home/strongfood/.mcuxpressotools/arm-gnu-toolchain-13.2.Rel1-x86_64-arm-none-eabi/bin/../lib/gcc/arm-none-eabi/13.2.1/thumb/v7e-m+fp/hard/libgcc.a(_arm_unorddf2.o)
 .ARM.attributes
                0x00000758       0x34 /home/strongfood/.mcuxpressotools/arm-gnu-toolchain-13.2.Rel1-x86_64-arm-none-eabi/bin/../lib/gcc/arm-none-eabi/13.2.1/thumb/v7e-m+fp/hard/crtend.o
 .ARM.attributes
                0x0000078c       0x22 /home/strongfood/.mcuxpressotools/arm-gnu-toolchain-13.2.Rel1-x86_64-arm-none-eabi/bin/../lib/gcc/arm-none-eabi/13.2.1/thumb/v7e-m+fp/hard/crtn.o
                0x00000001                        ASSERT ((__StackLimit >= __HeapLimit), region m_data overflowed with stack and heap)
OUTPUT(bubble_cm4.elf elf32-littlearm)
LOAD linker stubs

.debug_line_str
                0x00000000      0x3b9
 .debug_line_str
                0x00000000      0x3b9 /home/strongfood/.mcuxpressotools/arm-gnu-toolchain-13.2.Rel1-x86_64-arm-none-eabi/bin/../lib/gcc/arm-none-eabi/13.2.1/../../../../arm-none-eabi/lib/thumb/v7e-m+fp/hard/crt0.o
                                 0xcf (size before relaxing)
 .debug_line_str
                0x000003b9       0xce CMakeFiles/bubble_cm4.elf.dir/home/strongfood/.nxp/SDKs/SDK_2_16_000_FRDM-K32L3A6/devices/K32L3A60/gcc/startup_K32L3A60_cm4.S.obj
 .debug_line_str
                0x000003b9       0xca CMakeFiles/bubble_cm4.elf.dir/home/strongfood/.nxp/SDKs/SDK_2_16_000_FRDM-K32L3A6/devices/K32L3A60/utilities/fsl_memcpy.S.obj
 .debug_line_str
                0x000003b9       0xc7 /home/strongfood/.mcuxpressotools/arm-gnu-toolchain-13.2.Rel1-x86_64-arm-none-eabi/bin/../lib/gcc/arm-none-eabi/13.2.1/thumb/v7e-m+fp/hard/libgcc.a(_arm_addsubdf3.o)
 .debug_line_str
                0x000003b9       0xc7 /home/strongfood/.mcuxpressotools/arm-gnu-toolchain-13.2.Rel1-x86_64-arm-none-eabi/bin/../lib/gcc/arm-none-eabi/13.2.1/thumb/v7e-m+fp/hard/libgcc.a(_arm_muldivdf3.o)
 .debug_line_str
                0x000003b9       0xc7 /home/strongfood/.mcuxpressotools/arm-gnu-toolchain-13.2.Rel1-x86_64-arm-none-eabi/bin/../lib/gcc/arm-none-eabi/13.2.1/thumb/v7e-m+fp/hard/libgcc.a(_arm_fixdfsi.o)
 .debug_line_str
                0x000003b9       0xc2 /home/strongfood/.mcuxpressotools/arm-gnu-toolchain-13.2.Rel1-x86_64-arm-none-eabi/bin/../lib/gcc/arm-none-eabi/13.2.1/thumb/v7e-m+fp/hard/libgcc.a(_aeabi_ldivmod.o)
 .debug_line_str
                0x000003b9       0xc2 /home/strongfood/.mcuxpressotools/arm-gnu-toolchain-13.2.Rel1-x86_64-arm-none-eabi/bin/../lib/gcc/arm-none-eabi/13.2.1/thumb/v7e-m+fp/hard/libgcc.a(_aeabi_uldivmod.o)
 .debug_line_str
                0x000003b9       0xc6 /home/strongfood/.mcuxpressotools/arm-gnu-toolchain-13.2.Rel1-x86_64-arm-none-eabi/bin/../lib/gcc/arm-none-eabi/13.2.1/thumb/v7e-m+fp/hard/libgcc.a(_dvmd_tls.o)
 .debug_line_str
                0x000003b9       0xe4 /home/strongfood/.mcuxpressotools/arm-gnu-toolchain-13.2.Rel1-x86_64-arm-none-eabi/bin/../lib/gcc/arm-none-eabi/13.2.1/../../../../arm-none-eabi/lib/thumb/v7e-m+fp/hard/libc_nano.a(libc_a-strlen.o)
 .debug_line_str
                0x000003b9       0xc7 /home/strongfood/.mcuxpressotools/arm-gnu-toolchain-13.2.Rel1-x86_64-arm-none-eabi/bin/../lib/gcc/arm-none-eabi/13.2.1/thumb/v7e-m+fp/hard/libgcc.a(_arm_cmpdf2.o)
 .debug_line_str
                0x000003b9       0xc7 /home/strongfood/.mcuxpressotools/arm-gnu-toolchain-13.2.Rel1-x86_64-arm-none-eabi/bin/../lib/gcc/arm-none-eabi/13.2.1/thumb/v7e-m+fp/hard/libgcc.a(_arm_unorddf2.o)

.debug_info     0x00000000     0xf8cf
 .debug_info    0x00000000     0x1666 CMakeFiles/bubble_cm4.elf.dir/home/strongfood/Documents/VS_Code/ARM-Development/FRDM-K32L3A6/frdmk32l3a6_bubble_cm4/bubble.c.obj
 .debug_info    0x00001666      0x6f5 CMakeFiles/bubble_cm4.elf.dir/home/strongfood/Documents/VS_Code/ARM-Development/FRDM-K32L3A6/frdmk32l3a6_bubble_cm4/pin_mux.c.obj
 .debug_info    0x00001d5b      0xbc8 CMakeFiles/bubble_cm4.elf.dir/home/strongfood/Documents/VS_Code/ARM-Development/FRDM-K32L3A6/frdmk32l3a6_bubble_cm4/board.c.obj
 .debug_info    0x00002923      0xe8f CMakeFiles/bubble_cm4.elf.dir/home/strongfood/Documents/VS_Code/ARM-Development/FRDM-K32L3A6/frdmk32l3a6_bubble_cm4/clock_config.c.obj
 .debug_info    0x000037b2      0xc9c CMakeFiles/bubble_cm4.elf.dir/home/strongfood/.nxp/SDKs/SDK_2_16_000_FRDM-K32L3A6/components/uart/fsl_adapter_lpuart.c.obj
 .debug_info    0x0000444e      0x543 CMakeFiles/bubble_cm4.elf.dir/home/strongfood/.nxp/SDKs/SDK_2_16_000_FRDM-K32L3A6/devices/K32L3A60/gcc/startup_K32L3A60_cm4.S.obj
 .debug_info    0x00004991      0x91d CMakeFiles/bubble_cm4.elf.dir/home/strongfood/.nxp/SDKs/SDK_2_16_000_FRDM-K32L3A6/devices/K32L3A60/system_K32L3A60_cm4.c.obj
 .debug_info    0x000052ae     0x18fc CMakeFiles/bubble_cm4.elf.dir/home/strongfood/.nxp/SDKs/SDK_2_16_000_FRDM-K32L3A6/devices/K32L3A60/drivers/fsl_clock.c.obj
 .debug_info    0x00006baa      0x32e CMakeFiles/bubble_cm4.elf.dir/home/strongfood/.nxp/SDKs/SDK_2_16_000_FRDM-K32L3A6/devices/K32L3A60/drivers/fsl_common_arm.c.obj
 .debug_info    0x00006ed8      0x49f CMakeFiles/bubble_cm4.elf.dir/home/strongfood/.nxp/SDKs/SDK_2_16_000_FRDM-K32L3A6/components/fxos8700cq/fsl_fxos.c.obj
 .debug_info    0x00007377      0x767 CMakeFiles/bubble_cm4.elf.dir/home/strongfood/.nxp/SDKs/SDK_2_16_000_FRDM-K32L3A6/devices/K32L3A60/drivers/fsl_gpio.c.obj
 .debug_info    0x00007ade     0x2d5d CMakeFiles/bubble_cm4.elf.dir/home/strongfood/.nxp/SDKs/SDK_2_16_000_FRDM-K32L3A6/devices/K32L3A60/drivers/fsl_lpi2c.c.obj
 .debug_info    0x0000a83b     0x25ff CMakeFiles/bubble_cm4.elf.dir/home/strongfood/.nxp/SDKs/SDK_2_16_000_FRDM-K32L3A6/devices/K32L3A60/drivers/fsl_lpuart.c.obj
 .debug_info    0x0000ce3a     0x1b5e CMakeFiles/bubble_cm4.elf.dir/home/strongfood/.nxp/SDKs/SDK_2_16_000_FRDM-K32L3A6/devices/K32L3A60/drivers/fsl_tpm.c.obj
 .debug_info    0x0000e998       0x25 CMakeFiles/bubble_cm4.elf.dir/home/strongfood/.nxp/SDKs/SDK_2_16_000_FRDM-K32L3A6/devices/K32L3A60/utilities/fsl_memcpy.S.obj
 .debug_info    0x0000e9bd      0x126 CMakeFiles/bubble_cm4.elf.dir/home/strongfood/.nxp/SDKs/SDK_2_16_000_FRDM-K32L3A6/devices/K32L3A60/utilities/debug_console_lite/fsl_assert.c.obj
 .debug_info    0x0000eae3      0xd49 CMakeFiles/bubble_cm4.elf.dir/home/strongfood/.nxp/SDKs/SDK_2_16_000_FRDM-K32L3A6/devices/K32L3A60/utilities/debug_console_lite/fsl_debug_console.c.obj
 .debug_info    0x0000f82c       0xa3 /home/strongfood/.mcuxpressotools/arm-gnu-toolchain-13.2.Rel1-x86_64-arm-none-eabi/bin/../lib/gcc/arm-none-eabi/13.2.1/../../../../arm-none-eabi/lib/thumb/v7e-m+fp/hard/libcr_newlib_nohost.a(_exit.o)

.debug_abbrev   0x00000000     0x2441
 .debug_abbrev  0x00000000      0x379 CMakeFiles/bubble_cm4.elf.dir/home/strongfood/Documents/VS_Code/ARM-Development/FRDM-K32L3A6/frdmk32l3a6_bubble_cm4/bubble.c.obj
 .debug_abbrev  0x00000379      0x222 CMakeFiles/bubble_cm4.elf.dir/home/strongfood/Documents/VS_Code/ARM-Development/FRDM-K32L3A6/frdmk32l3a6_bubble_cm4/pin_mux.c.obj
 .debug_abbrev  0x0000059b      0x27e CMakeFiles/bubble_cm4.elf.dir/home/strongfood/Documents/VS_Code/ARM-Development/FRDM-K32L3A6/frdmk32l3a6_bubble_cm4/board.c.obj
 .debug_abbrev  0x00000819      0x2a6 CMakeFiles/bubble_cm4.elf.dir/home/strongfood/Documents/VS_Code/ARM-Development/FRDM-K32L3A6/frdmk32l3a6_bubble_cm4/clock_config.c.obj
 .debug_abbrev  0x00000abf      0x1f9 CMakeFiles/bubble_cm4.elf.dir/home/strongfood/.nxp/SDKs/SDK_2_16_000_FRDM-K32L3A6/components/uart/fsl_adapter_lpuart.c.obj
 .debug_abbrev  0x00000cb8       0x26 CMakeFiles/bubble_cm4.elf.dir/home/strongfood/.nxp/SDKs/SDK_2_16_000_FRDM-K32L3A6/devices/K32L3A60/gcc/startup_K32L3A60_cm4.S.obj
 .debug_abbrev  0x00000cde      0x147 CMakeFiles/bubble_cm4.elf.dir/home/strongfood/.nxp/SDKs/SDK_2_16_000_FRDM-K32L3A6/devices/K32L3A60/system_K32L3A60_cm4.c.obj
 .debug_abbrev  0x00000e25      0x2f7 CMakeFiles/bubble_cm4.elf.dir/home/strongfood/.nxp/SDKs/SDK_2_16_000_FRDM-K32L3A6/devices/K32L3A60/drivers/fsl_clock.c.obj
 .debug_abbrev  0x0000111c      0x137 CMakeFiles/bubble_cm4.elf.dir/home/strongfood/.nxp/SDKs/SDK_2_16_000_FRDM-K32L3A6/devices/K32L3A60/drivers/fsl_common_arm.c.obj
 .debug_abbrev  0x00001253      0x14d CMakeFiles/bubble_cm4.elf.dir/home/strongfood/.nxp/SDKs/SDK_2_16_000_FRDM-K32L3A6/components/fxos8700cq/fsl_fxos.c.obj
 .debug_abbrev  0x000013a0      0x1dd CMakeFiles/bubble_cm4.elf.dir/home/strongfood/.nxp/SDKs/SDK_2_16_000_FRDM-K32L3A6/devices/K32L3A60/drivers/fsl_gpio.c.obj
 .debug_abbrev  0x0000157d      0x3b9 CMakeFiles/bubble_cm4.elf.dir/home/strongfood/.nxp/SDKs/SDK_2_16_000_FRDM-K32L3A6/devices/K32L3A60/drivers/fsl_lpi2c.c.obj
 .debug_abbrev  0x00001936      0x429 CMakeFiles/bubble_cm4.elf.dir/home/strongfood/.nxp/SDKs/SDK_2_16_000_FRDM-K32L3A6/devices/K32L3A60/drivers/fsl_lpuart.c.obj
 .debug_abbrev  0x00001d5f      0x37d CMakeFiles/bubble_cm4.elf.dir/home/strongfood/.nxp/SDKs/SDK_2_16_000_FRDM-K32L3A6/devices/K32L3A60/drivers/fsl_tpm.c.obj
 .debug_abbrev  0x000020dc       0x14 CMakeFiles/bubble_cm4.elf.dir/home/strongfood/.nxp/SDKs/SDK_2_16_000_FRDM-K32L3A6/devices/K32L3A60/utilities/fsl_memcpy.S.obj
 .debug_abbrev  0x000020f0       0xa8 CMakeFiles/bubble_cm4.elf.dir/home/strongfood/.nxp/SDKs/SDK_2_16_000_FRDM-K32L3A6/devices/K32L3A60/utilities/debug_console_lite/fsl_assert.c.obj
 .debug_abbrev  0x00002198      0x242 CMakeFiles/bubble_cm4.elf.dir/home/strongfood/.nxp/SDKs/SDK_2_16_000_FRDM-K32L3A6/devices/K32L3A60/utilities/debug_console_lite/fsl_debug_console.c.obj
 .debug_abbrev  0x000023da       0x67 /home/strongfood/.mcuxpressotools/arm-gnu-toolchain-13.2.Rel1-x86_64-arm-none-eabi/bin/../lib/gcc/arm-none-eabi/13.2.1/../../../../arm-none-eabi/lib/thumb/v7e-m+fp/hard/libcr_newlib_nohost.a(_exit.o)

.debug_aranges  0x00000000      0x920
 .debug_aranges
                0x00000000       0x68 CMakeFiles/bubble_cm4.elf.dir/home/strongfood/Documents/VS_Code/ARM-Development/FRDM-K32L3A6/frdmk32l3a6_bubble_cm4/bubble.c.obj
 .debug_aranges
                0x00000068       0x48 CMakeFiles/bubble_cm4.elf.dir/home/strongfood/Documents/VS_Code/ARM-Development/FRDM-K32L3A6/frdmk32l3a6_bubble_cm4/pin_mux.c.obj
 .debug_aranges
                0x000000b0       0x58 CMakeFiles/bubble_cm4.elf.dir/home/strongfood/Documents/VS_Code/ARM-Development/FRDM-K32L3A6/frdmk32l3a6_bubble_cm4/board.c.obj
 .debug_aranges
                0x00000108       0x60 CMakeFiles/bubble_cm4.elf.dir/home/strongfood/Documents/VS_Code/ARM-Development/FRDM-K32L3A6/frdmk32l3a6_bubble_cm4/clock_config.c.obj
 .debug_aranges
                0x00000168       0x58 CMakeFiles/bubble_cm4.elf.dir/home/strongfood/.nxp/SDKs/SDK_2_16_000_FRDM-K32L3A6/components/uart/fsl_adapter_lpuart.c.obj
 .debug_aranges
                0x000001c0       0x20 CMakeFiles/bubble_cm4.elf.dir/home/strongfood/.nxp/SDKs/SDK_2_16_000_FRDM-K32L3A6/devices/K32L3A60/gcc/startup_K32L3A60_cm4.S.obj
 .debug_aranges